[20-Dec-2024 01:33:18 Europe/Berlin] PHP Warning:  require_once(inc/Utility/UserDAO.class.php): Failed to open stream: No such file or directory in C:\Users\Douglas\OneDrive - Douglas College\Documents\Douglas PC\03 Programming\09 PHP\00 ToStudy\03ATM\ATM\index.php on line 10
[20-Dec-2024 01:33:18 Europe/Berlin] PHP Fatal error:  Uncaught Error: Failed opening required 'inc/Utility/UserDAO.class.php' (include_path='C:\xampp\php\PEAR') in C:\Users\Douglas\OneDrive - Douglas College\Documents\Douglas PC\03 Programming\09 PHP\00 ToStudy\03ATM\ATM\index.php:10
Stack trace:
#0 {main}
  thrown in C:\Users\Douglas\OneDrive - Douglas College\Documents\Douglas PC\03 Programming\09 PHP\00 ToStudy\03ATM\ATM\index.php on line 10
[20-Dec-2024 01:33:47 Europe/Berlin] PHP Fatal error:  Uncaught PDOException: SQLSTATE[42S02]: Base table or view not found: 1146 Table 'atm.course' doesn't exist in C:\Users\Douglas\OneDrive - Douglas College\Documents\Douglas PC\03 Programming\09 PHP\00 ToStudy\03ATM\ATM\inc\Utility\PDOService.class.php:75
Stack trace:
#0 C:\Users\Douglas\OneDrive - Douglas College\Documents\Douglas PC\03 Programming\09 PHP\00 ToStudy\03ATM\ATM\inc\Utility\PDOService.class.php(75): PDOStatement->execute()
#1 C:\Users\Douglas\OneDrive - Douglas College\Documents\Douglas PC\03 Programming\09 PHP\00 ToStudy\03ATM\ATM\inc\Utility\IncomeDAO.class.php(19): PDOService->execute()
#2 C:\Users\Douglas\OneDrive - Douglas College\Documents\Douglas PC\03 Programming\09 PHP\00 ToStudy\03ATM\ATM\index.php(16): IncomeDAO::getCourse(1)
#3 {main}
  thrown in C:\Users\Douglas\OneDrive - Douglas College\Documents\Douglas PC\03 Programming\09 PHP\00 ToStudy\03ATM\ATM\inc\Utility\PDOService.class.php on line 75
[20-Dec-2024 01:33:50 Europe/Berlin] PHP Fatal error:  Uncaught PDOException: SQLSTATE[42S02]: Base table or view not found: 1146 Table 'atm.course' doesn't exist in C:\Users\Douglas\OneDrive - Douglas College\Documents\Douglas PC\03 Programming\09 PHP\00 ToStudy\03ATM\ATM\inc\Utility\PDOService.class.php:75
Stack trace:
#0 C:\Users\Douglas\OneDrive - Douglas College\Documents\Douglas PC\03 Programming\09 PHP\00 ToStudy\03ATM\ATM\inc\Utility\PDOService.class.php(75): PDOStatement->execute()
#1 C:\Users\Douglas\OneDrive - Douglas College\Documents\Douglas PC\03 Programming\09 PHP\00 ToStudy\03ATM\ATM\inc\Utility\IncomeDAO.class.php(19): PDOService->execute()
#2 C:\Users\Douglas\OneDrive - Douglas College\Documents\Douglas PC\03 Programming\09 PHP\00 ToStudy\03ATM\ATM\index.php(16): IncomeDAO::getCourse(1)
#3 {main}
  thrown in C:\Users\Douglas\OneDrive - Douglas College\Documents\Douglas PC\03 Programming\09 PHP\00 ToStudy\03ATM\ATM\inc\Utility\PDOService.class.php on line 75
[20-Dec-2024 02:20:37 Europe/Berlin] PHP Warning:  Undefined variable $incomes in C:\Users\Douglas\OneDrive - Douglas College\Documents\Douglas PC\03 Programming\09 PHP\00 ToStudy\03ATM\ATM\inc\Entity\Page.php on line 23
[20-Dec-2024 02:20:37 Europe/Berlin] PHP Warning:  foreach() argument must be of type array|object, null given in C:\Users\Douglas\OneDrive - Douglas College\Documents\Douglas PC\03 Programming\09 PHP\00 ToStudy\03ATM\ATM\inc\Entity\Page.php on line 23
[20-Dec-2024 02:21:30 Europe/Berlin] PHP Warning:  Undefined variable $incomes in C:\Users\Douglas\OneDrive - Douglas College\Documents\Douglas PC\03 Programming\09 PHP\00 ToStudy\03ATM\ATM\inc\Entity\Page.php on line 23
[20-Dec-2024 02:21:30 Europe/Berlin] PHP Warning:  foreach() argument must be of type array|object, null given in C:\Users\Douglas\OneDrive - Douglas College\Documents\Douglas PC\03 Programming\09 PHP\00 ToStudy\03ATM\ATM\inc\Entity\Page.php on line 23
[20-Dec-2024 02:21:31 Europe/Berlin] PHP Warning:  Undefined variable $incomes in C:\Users\Douglas\OneDrive - Douglas College\Documents\Douglas PC\03 Programming\09 PHP\00 ToStudy\03ATM\ATM\inc\Entity\Page.php on line 23
[20-Dec-2024 02:21:31 Europe/Berlin] PHP Warning:  foreach() argument must be of type array|object, null given in C:\Users\Douglas\OneDrive - Douglas College\Documents\Douglas PC\03 Programming\09 PHP\00 ToStudy\03ATM\ATM\inc\Entity\Page.php on line 23
[20-Dec-2024 02:21:33 Europe/Berlin] PHP Warning:  Undefined variable $incomes in C:\Users\Douglas\OneDrive - Douglas College\Documents\Douglas PC\03 Programming\09 PHP\00 ToStudy\03ATM\ATM\inc\Entity\Page.php on line 23
[20-Dec-2024 02:21:33 Europe/Berlin] PHP Warning:  foreach() argument must be of type array|object, null given in C:\Users\Douglas\OneDrive - Douglas College\Documents\Douglas PC\03 Programming\09 PHP\00 ToStudy\03ATM\ATM\inc\Entity\Page.php on line 23
[20-Dec-2024 02:32:59 Europe/Berlin] PHP Fatal error:  Uncaught PDOException: SQLSTATE[42000]: Syntax error or access violation: 1064 You have an error in your SQL syntax; check the manual that corresponds to your MariaDB server version for the right syntax to use near 'FROM incomes' at line 1 in C:\Users\Douglas\OneDrive - Douglas College\Documents\Douglas PC\03 Programming\09 PHP\00 ToStudy\03ATM\ATM\inc\Utility\PDOService.class.php:75
Stack trace:
#0 C:\Users\Douglas\OneDrive - Douglas College\Documents\Douglas PC\03 Programming\09 PHP\00 ToStudy\03ATM\ATM\inc\Utility\PDOService.class.php(75): PDOStatement->execute()
#1 C:\Users\Douglas\OneDrive - Douglas College\Documents\Douglas PC\03 Programming\09 PHP\00 ToStudy\03ATM\ATM\inc\Utility\IncomeDAO.class.php(29): PDOService->execute()
#2 C:\Users\Douglas\OneDrive - Douglas College\Documents\Douglas PC\03 Programming\09 PHP\00 ToStudy\03ATM\ATM\index.php(16): IncomeDAO::getAmount()
#3 {main}
  thrown in C:\Users\Douglas\OneDrive - Douglas College\Documents\Douglas PC\03 Programming\09 PHP\00 ToStudy\03ATM\ATM\inc\Utility\PDOService.class.php on line 75
[20-Dec-2024 02:34:01 Europe/Berlin] PHP Fatal error:  Uncaught Error: Call to undefined method Income::getIncome() in C:\Users\Douglas\OneDrive - Douglas College\Documents\Douglas PC\03 Programming\09 PHP\00 ToStudy\03ATM\ATM\inc\Entity\Page.php:24
Stack trace:
#0 C:\Users\Douglas\OneDrive - Douglas College\Documents\Douglas PC\03 Programming\09 PHP\00 ToStudy\03ATM\ATM\index.php(17): Page::header(Array)
#1 {main}
  thrown in C:\Users\Douglas\OneDrive - Douglas College\Documents\Douglas PC\03 Programming\09 PHP\00 ToStudy\03ATM\ATM\inc\Entity\Page.php on line 24
[20-Dec-2024 02:34:06 Europe/Berlin] PHP Fatal error:  Uncaught Error: Call to undefined method Income::getIncome() in C:\Users\Douglas\OneDrive - Douglas College\Documents\Douglas PC\03 Programming\09 PHP\00 ToStudy\03ATM\ATM\inc\Entity\Page.php:24
Stack trace:
#0 C:\Users\Douglas\OneDrive - Douglas College\Documents\Douglas PC\03 Programming\09 PHP\00 ToStudy\03ATM\ATM\index.php(17): Page::header(Array)
#1 {main}
  thrown in C:\Users\Douglas\OneDrive - Douglas College\Documents\Douglas PC\03 Programming\09 PHP\00 ToStudy\03ATM\ATM\inc\Entity\Page.php on line 24
[20-Dec-2024 02:34:08 Europe/Berlin] PHP Fatal error:  Uncaught Error: Call to undefined method Income::getIncome() in C:\Users\Douglas\OneDrive - Douglas College\Documents\Douglas PC\03 Programming\09 PHP\00 ToStudy\03ATM\ATM\inc\Entity\Page.php:24
Stack trace:
#0 C:\Users\Douglas\OneDrive - Douglas College\Documents\Douglas PC\03 Programming\09 PHP\00 ToStudy\03ATM\ATM\index.php(17): Page::header(Array)
#1 {main}
  thrown in C:\Users\Douglas\OneDrive - Douglas College\Documents\Douglas PC\03 Programming\09 PHP\00 ToStudy\03ATM\ATM\inc\Entity\Page.php on line 24
[20-Dec-2024 02:45:57 Europe/Berlin] PHP Warning:  Undefined variable $userName in C:\Users\Douglas\OneDrive - Douglas College\Documents\Douglas PC\03 Programming\09 PHP\00 ToStudy\03ATM\ATM\inc\Utility\WithdrawalDAO.class.php on line 30
[20-Dec-2024 02:45:57 Europe/Berlin] PHP Fatal error:  Uncaught PDOException: SQLSTATE[42S02]: Base table or view not found: 1146 Table 'atm.users' doesn't exist in C:\Users\Douglas\OneDrive - Douglas College\Documents\Douglas PC\03 Programming\09 PHP\00 ToStudy\03ATM\ATM\inc\Utility\PDOService.class.php:75
Stack trace:
#0 C:\Users\Douglas\OneDrive - Douglas College\Documents\Douglas PC\03 Programming\09 PHP\00 ToStudy\03ATM\ATM\inc\Utility\PDOService.class.php(75): PDOStatement->execute()
#1 C:\Users\Douglas\OneDrive - Douglas College\Documents\Douglas PC\03 Programming\09 PHP\00 ToStudy\03ATM\ATM\inc\Utility\WithdrawalDAO.class.php(31): PDOService->execute()
#2 C:\Users\Douglas\OneDrive - Douglas College\Documents\Douglas PC\03 Programming\09 PHP\00 ToStudy\03ATM\ATM\index.php(17): WithdrawalDAO::getWithdrawals()
#3 {main}
  thrown in C:\Users\Douglas\OneDrive - Douglas College\Documents\Douglas PC\03 Programming\09 PHP\00 ToStudy\03ATM\ATM\inc\Utility\PDOService.class.php on line 75
[20-Dec-2024 02:51:04 Europe/Berlin] PHP Fatal error:  Uncaught PDOException: SQLSTATE[42000]: Syntax error or access violation: 1064 You have an error in your SQL syntax; check the manual that corresponds to your MariaDB server version for the right syntax to use near 'FROM Withdrawals' at line 1 in C:\Users\Douglas\OneDrive - Douglas College\Documents\Douglas PC\03 Programming\09 PHP\00 ToStudy\03ATM\ATM\inc\Utility\PDOService.class.php:75
Stack trace:
#0 C:\Users\Douglas\OneDrive - Douglas College\Documents\Douglas PC\03 Programming\09 PHP\00 ToStudy\03ATM\ATM\inc\Utility\PDOService.class.php(75): PDOStatement->execute()
#1 C:\Users\Douglas\OneDrive - Douglas College\Documents\Douglas PC\03 Programming\09 PHP\00 ToStudy\03ATM\ATM\inc\Utility\WithdrawalDAO.class.php(31): PDOService->execute()
#2 C:\Users\Douglas\OneDrive - Douglas College\Documents\Douglas PC\03 Programming\09 PHP\00 ToStudy\03ATM\ATM\index.php(17): WithdrawalDAO::getWithdrawals()
#3 {main}
  thrown in C:\Users\Douglas\OneDrive - Douglas College\Documents\Douglas PC\03 Programming\09 PHP\00 ToStudy\03ATM\ATM\inc\Utility\PDOService.class.php on line 75
[20-Dec-2024 02:51:12 Europe/Berlin] PHP Fatal error:  Uncaught PDOException: SQLSTATE[42000]: Syntax error or access violation: 1064 You have an error in your SQL syntax; check the manual that corresponds to your MariaDB server version for the right syntax to use near 'FROM Withdrawals' at line 1 in C:\Users\Douglas\OneDrive - Douglas College\Documents\Douglas PC\03 Programming\09 PHP\00 ToStudy\03ATM\ATM\inc\Utility\PDOService.class.php:75
Stack trace:
#0 C:\Users\Douglas\OneDrive - Douglas College\Documents\Douglas PC\03 Programming\09 PHP\00 ToStudy\03ATM\ATM\inc\Utility\PDOService.class.php(75): PDOStatement->execute()
#1 C:\Users\Douglas\OneDrive - Douglas College\Documents\Douglas PC\03 Programming\09 PHP\00 ToStudy\03ATM\ATM\inc\Utility\WithdrawalDAO.class.php(31): PDOService->execute()
#2 C:\Users\Douglas\OneDrive - Douglas College\Documents\Douglas PC\03 Programming\09 PHP\00 ToStudy\03ATM\ATM\index.php(17): WithdrawalDAO::getWithdrawals()
#3 {main}
  thrown in C:\Users\Douglas\OneDrive - Douglas College\Documents\Douglas PC\03 Programming\09 PHP\00 ToStudy\03ATM\ATM\inc\Utility\PDOService.class.php on line 75
[20-Dec-2024 02:52:09 Europe/Berlin] PHP Fatal error:  Uncaught PDOException: SQLSTATE[42000]: Syntax error or access violation: 1064 You have an error in your SQL syntax; check the manual that corresponds to your MariaDB server version for the right syntax to use near 'FROM Withdrawals' at line 1 in C:\Users\Douglas\OneDrive - Douglas College\Documents\Douglas PC\03 Programming\09 PHP\00 ToStudy\03ATM\ATM\inc\Utility\PDOService.class.php:75
Stack trace:
#0 C:\Users\Douglas\OneDrive - Douglas College\Documents\Douglas PC\03 Programming\09 PHP\00 ToStudy\03ATM\ATM\inc\Utility\PDOService.class.php(75): PDOStatement->execute()
#1 C:\Users\Douglas\OneDrive - Douglas College\Documents\Douglas PC\03 Programming\09 PHP\00 ToStudy\03ATM\ATM\inc\Utility\WithdrawalDAO.class.php(31): PDOService->execute()
#2 C:\Users\Douglas\OneDrive - Douglas College\Documents\Douglas PC\03 Programming\09 PHP\00 ToStudy\03ATM\ATM\index.php(17): WithdrawalDAO::getWithdrawals()
#3 {main}
  thrown in C:\Users\Douglas\OneDrive - Douglas College\Documents\Douglas PC\03 Programming\09 PHP\00 ToStudy\03ATM\ATM\inc\Utility\PDOService.class.php on line 75
[20-Dec-2024 02:53:13 Europe/Berlin] PHP Fatal error:  Uncaught PDOException: SQLSTATE[42000]: Syntax error or access violation: 1064 You have an error in your SQL syntax; check the manual that corresponds to your MariaDB server version for the right syntax to use near 'FROM withdrawals' at line 1 in C:\Users\Douglas\OneDrive - Douglas College\Documents\Douglas PC\03 Programming\09 PHP\00 ToStudy\03ATM\ATM\inc\Utility\PDOService.class.php:75
Stack trace:
#0 C:\Users\Douglas\OneDrive - Douglas College\Documents\Douglas PC\03 Programming\09 PHP\00 ToStudy\03ATM\ATM\inc\Utility\PDOService.class.php(75): PDOStatement->execute()
#1 C:\Users\Douglas\OneDrive - Douglas College\Documents\Douglas PC\03 Programming\09 PHP\00 ToStudy\03ATM\ATM\inc\Utility\WithdrawalDAO.class.php(31): PDOService->execute()
#2 C:\Users\Douglas\OneDrive - Douglas College\Documents\Douglas PC\03 Programming\09 PHP\00 ToStudy\03ATM\ATM\index.php(17): WithdrawalDAO::getWithdrawals()
#3 {main}
  thrown in C:\Users\Douglas\OneDrive - Douglas College\Documents\Douglas PC\03 Programming\09 PHP\00 ToStudy\03ATM\ATM\inc\Utility\PDOService.class.php on line 75
[20-Dec-2024 02:56:08 Europe/Berlin] PHP Fatal error:  Uncaught PDOException: SQLSTATE[42000]: Syntax error or access violation: 1064 You have an error in your SQL syntax; check the manual that corresponds to your MariaDB server version for the right syntax to use near 'FROM withdrawals' at line 1 in C:\Users\Douglas\OneDrive - Douglas College\Documents\Douglas PC\03 Programming\09 PHP\00 ToStudy\03ATM\ATM\inc\Utility\PDOService.class.php:75
Stack trace:
#0 C:\Users\Douglas\OneDrive - Douglas College\Documents\Douglas PC\03 Programming\09 PHP\00 ToStudy\03ATM\ATM\inc\Utility\PDOService.class.php(75): PDOStatement->execute()
#1 C:\Users\Douglas\OneDrive - Douglas College\Documents\Douglas PC\03 Programming\09 PHP\00 ToStudy\03ATM\ATM\inc\Utility\WithdrawalDAO.class.php(31): PDOService->execute()
#2 C:\Users\Douglas\OneDrive - Douglas College\Documents\Douglas PC\03 Programming\09 PHP\00 ToStudy\03ATM\ATM\index.php(17): WithdrawalDAO::getWithdrawals()
#3 {main}
  thrown in C:\Users\Douglas\OneDrive - Douglas College\Documents\Douglas PC\03 Programming\09 PHP\00 ToStudy\03ATM\ATM\inc\Utility\PDOService.class.php on line 75
[20-Dec-2024 02:57:34 Europe/Berlin] PHP Fatal error:  Uncaught PDOException: SQLSTATE[42000]: Syntax error or access violation: 1064 You have an error in your SQL syntax; check the manual that corresponds to your MariaDB server version for the right syntax to use near 'FROM incomes' at line 1 in C:\Users\Douglas\OneDrive - Douglas College\Documents\Douglas PC\03 Programming\09 PHP\00 ToStudy\03ATM\ATM\inc\Utility\PDOService.class.php:75
Stack trace:
#0 C:\Users\Douglas\OneDrive - Douglas College\Documents\Douglas PC\03 Programming\09 PHP\00 ToStudy\03ATM\ATM\inc\Utility\PDOService.class.php(75): PDOStatement->execute()
#1 C:\Users\Douglas\OneDrive - Douglas College\Documents\Douglas PC\03 Programming\09 PHP\00 ToStudy\03ATM\ATM\inc\Utility\IncomeDAO.class.php(29): PDOService->execute()
#2 C:\Users\Douglas\OneDrive - Douglas College\Documents\Douglas PC\03 Programming\09 PHP\00 ToStudy\03ATM\ATM\index.php(16): IncomeDAO::getAmount()
#3 {main}
  thrown in C:\Users\Douglas\OneDrive - Douglas College\Documents\Douglas PC\03 Programming\09 PHP\00 ToStudy\03ATM\ATM\inc\Utility\PDOService.class.php on line 75
[20-Dec-2024 02:57:36 Europe/Berlin] PHP Fatal error:  Uncaught PDOException: SQLSTATE[42000]: Syntax error or access violation: 1064 You have an error in your SQL syntax; check the manual that corresponds to your MariaDB server version for the right syntax to use near 'FROM incomes' at line 1 in C:\Users\Douglas\OneDrive - Douglas College\Documents\Douglas PC\03 Programming\09 PHP\00 ToStudy\03ATM\ATM\inc\Utility\PDOService.class.php:75
Stack trace:
#0 C:\Users\Douglas\OneDrive - Douglas College\Documents\Douglas PC\03 Programming\09 PHP\00 ToStudy\03ATM\ATM\inc\Utility\PDOService.class.php(75): PDOStatement->execute()
#1 C:\Users\Douglas\OneDrive - Douglas College\Documents\Douglas PC\03 Programming\09 PHP\00 ToStudy\03ATM\ATM\inc\Utility\IncomeDAO.class.php(29): PDOService->execute()
#2 C:\Users\Douglas\OneDrive - Douglas College\Documents\Douglas PC\03 Programming\09 PHP\00 ToStudy\03ATM\ATM\index.php(16): IncomeDAO::getAmount()
#3 {main}
  thrown in C:\Users\Douglas\OneDrive - Douglas College\Documents\Douglas PC\03 Programming\09 PHP\00 ToStudy\03ATM\ATM\inc\Utility\PDOService.class.php on line 75
[20-Dec-2024 02:58:01 Europe/Berlin] PHP Fatal error:  Uncaught PDOException: SQLSTATE[42000]: Syntax error or access violation: 1064 You have an error in your SQL syntax; check the manual that corresponds to your MariaDB server version for the right syntax to use near 'FROM incomes' at line 1 in C:\Users\Douglas\OneDrive - Douglas College\Documents\Douglas PC\03 Programming\09 PHP\00 ToStudy\03ATM\ATM\inc\Utility\PDOService.class.php:75
Stack trace:
#0 C:\Users\Douglas\OneDrive - Douglas College\Documents\Douglas PC\03 Programming\09 PHP\00 ToStudy\03ATM\ATM\inc\Utility\PDOService.class.php(75): PDOStatement->execute()
#1 C:\Users\Douglas\OneDrive - Douglas College\Documents\Douglas PC\03 Programming\09 PHP\00 ToStudy\03ATM\ATM\inc\Utility\IncomeDAO.class.php(29): PDOService->execute()
#2 C:\Users\Douglas\OneDrive - Douglas College\Documents\Douglas PC\03 Programming\09 PHP\00 ToStudy\03ATM\ATM\index.php(16): IncomeDAO::getAmount()
#3 {main}
  thrown in C:\Users\Douglas\OneDrive - Douglas College\Documents\Douglas PC\03 Programming\09 PHP\00 ToStudy\03ATM\ATM\inc\Utility\PDOService.class.php on line 75
[20-Dec-2024 02:58:02 Europe/Berlin] PHP Fatal error:  Uncaught PDOException: SQLSTATE[42000]: Syntax error or access violation: 1064 You have an error in your SQL syntax; check the manual that corresponds to your MariaDB server version for the right syntax to use near 'FROM incomes' at line 1 in C:\Users\Douglas\OneDrive - Douglas College\Documents\Douglas PC\03 Programming\09 PHP\00 ToStudy\03ATM\ATM\inc\Utility\PDOService.class.php:75
Stack trace:
#0 C:\Users\Douglas\OneDrive - Douglas College\Documents\Douglas PC\03 Programming\09 PHP\00 ToStudy\03ATM\ATM\inc\Utility\PDOService.class.php(75): PDOStatement->execute()
#1 C:\Users\Douglas\OneDrive - Douglas College\Documents\Douglas PC\03 Programming\09 PHP\00 ToStudy\03ATM\ATM\inc\Utility\IncomeDAO.class.php(29): PDOService->execute()
#2 C:\Users\Douglas\OneDrive - Douglas College\Documents\Douglas PC\03 Programming\09 PHP\00 ToStudy\03ATM\ATM\index.php(16): IncomeDAO::getAmount()
#3 {main}
  thrown in C:\Users\Douglas\OneDrive - Douglas College\Documents\Douglas PC\03 Programming\09 PHP\00 ToStudy\03ATM\ATM\inc\Utility\PDOService.class.php on line 75
[20-Dec-2024 02:58:04 Europe/Berlin] PHP Fatal error:  Uncaught PDOException: SQLSTATE[42000]: Syntax error or access violation: 1064 You have an error in your SQL syntax; check the manual that corresponds to your MariaDB server version for the right syntax to use near 'FROM incomes' at line 1 in C:\Users\Douglas\OneDrive - Douglas College\Documents\Douglas PC\03 Programming\09 PHP\00 ToStudy\03ATM\ATM\inc\Utility\PDOService.class.php:75
Stack trace:
#0 C:\Users\Douglas\OneDrive - Douglas College\Documents\Douglas PC\03 Programming\09 PHP\00 ToStudy\03ATM\ATM\inc\Utility\PDOService.class.php(75): PDOStatement->execute()
#1 C:\Users\Douglas\OneDrive - Douglas College\Documents\Douglas PC\03 Programming\09 PHP\00 ToStudy\03ATM\ATM\inc\Utility\IncomeDAO.class.php(29): PDOService->execute()
#2 C:\Users\Douglas\OneDrive - Douglas College\Documents\Douglas PC\03 Programming\09 PHP\00 ToStudy\03ATM\ATM\index.php(16): IncomeDAO::getAmount()
#3 {main}
  thrown in C:\Users\Douglas\OneDrive - Douglas College\Documents\Douglas PC\03 Programming\09 PHP\00 ToStudy\03ATM\ATM\inc\Utility\PDOService.class.php on line 75
[20-Dec-2024 02:58:04 Europe/Berlin] PHP Fatal error:  Uncaught PDOException: SQLSTATE[42000]: Syntax error or access violation: 1064 You have an error in your SQL syntax; check the manual that corresponds to your MariaDB server version for the right syntax to use near 'FROM incomes' at line 1 in C:\Users\Douglas\OneDrive - Douglas College\Documents\Douglas PC\03 Programming\09 PHP\00 ToStudy\03ATM\ATM\inc\Utility\PDOService.class.php:75
Stack trace:
#0 C:\Users\Douglas\OneDrive - Douglas College\Documents\Douglas PC\03 Programming\09 PHP\00 ToStudy\03ATM\ATM\inc\Utility\PDOService.class.php(75): PDOStatement->execute()
#1 C:\Users\Douglas\OneDrive - Douglas College\Documents\Douglas PC\03 Programming\09 PHP\00 ToStudy\03ATM\ATM\inc\Utility\IncomeDAO.class.php(29): PDOService->execute()
#2 C:\Users\Douglas\OneDrive - Douglas College\Documents\Douglas PC\03 Programming\09 PHP\00 ToStudy\03ATM\ATM\index.php(16): IncomeDAO::getAmount()
#3 {main}
  thrown in C:\Users\Douglas\OneDrive - Douglas College\Documents\Douglas PC\03 Programming\09 PHP\00 ToStudy\03ATM\ATM\inc\Utility\PDOService.class.php on line 75
[20-Dec-2024 02:58:04 Europe/Berlin] PHP Fatal error:  Uncaught PDOException: SQLSTATE[42000]: Syntax error or access violation: 1064 You have an error in your SQL syntax; check the manual that corresponds to your MariaDB server version for the right syntax to use near 'FROM incomes' at line 1 in C:\Users\Douglas\OneDrive - Douglas College\Documents\Douglas PC\03 Programming\09 PHP\00 ToStudy\03ATM\ATM\inc\Utility\PDOService.class.php:75
Stack trace:
#0 C:\Users\Douglas\OneDrive - Douglas College\Documents\Douglas PC\03 Programming\09 PHP\00 ToStudy\03ATM\ATM\inc\Utility\PDOService.class.php(75): PDOStatement->execute()
#1 C:\Users\Douglas\OneDrive - Douglas College\Documents\Douglas PC\03 Programming\09 PHP\00 ToStudy\03ATM\ATM\inc\Utility\IncomeDAO.class.php(29): PDOService->execute()
#2 C:\Users\Douglas\OneDrive - Douglas College\Documents\Douglas PC\03 Programming\09 PHP\00 ToStudy\03ATM\ATM\index.php(16): IncomeDAO::getAmount()
#3 {main}
  thrown in C:\Users\Douglas\OneDrive - Douglas College\Documents\Douglas PC\03 Programming\09 PHP\00 ToStudy\03ATM\ATM\inc\Utility\PDOService.class.php on line 75
[20-Dec-2024 02:58:05 Europe/Berlin] PHP Fatal error:  Uncaught PDOException: SQLSTATE[42000]: Syntax error or access violation: 1064 You have an error in your SQL syntax; check the manual that corresponds to your MariaDB server version for the right syntax to use near 'FROM incomes' at line 1 in C:\Users\Douglas\OneDrive - Douglas College\Documents\Douglas PC\03 Programming\09 PHP\00 ToStudy\03ATM\ATM\inc\Utility\PDOService.class.php:75
Stack trace:
#0 C:\Users\Douglas\OneDrive - Douglas College\Documents\Douglas PC\03 Programming\09 PHP\00 ToStudy\03ATM\ATM\inc\Utility\PDOService.class.php(75): PDOStatement->execute()
#1 C:\Users\Douglas\OneDrive - Douglas College\Documents\Douglas PC\03 Programming\09 PHP\00 ToStudy\03ATM\ATM\inc\Utility\IncomeDAO.class.php(29): PDOService->execute()
#2 C:\Users\Douglas\OneDrive - Douglas College\Documents\Douglas PC\03 Programming\09 PHP\00 ToStudy\03ATM\ATM\index.php(16): IncomeDAO::getAmount()
#3 {main}
  thrown in C:\Users\Douglas\OneDrive - Douglas College\Documents\Douglas PC\03 Programming\09 PHP\00 ToStudy\03ATM\ATM\inc\Utility\PDOService.class.php on line 75
[20-Dec-2024 02:58:10 Europe/Berlin] PHP Fatal error:  Uncaught PDOException: SQLSTATE[42000]: Syntax error or access violation: 1064 You have an error in your SQL syntax; check the manual that corresponds to your MariaDB server version for the right syntax to use near 'FROM incomes' at line 1 in C:\Users\Douglas\OneDrive - Douglas College\Documents\Douglas PC\03 Programming\09 PHP\00 ToStudy\03ATM\ATM\inc\Utility\PDOService.class.php:75
Stack trace:
#0 C:\Users\Douglas\OneDrive - Douglas College\Documents\Douglas PC\03 Programming\09 PHP\00 ToStudy\03ATM\ATM\inc\Utility\PDOService.class.php(75): PDOStatement->execute()
#1 C:\Users\Douglas\OneDrive - Douglas College\Documents\Douglas PC\03 Programming\09 PHP\00 ToStudy\03ATM\ATM\inc\Utility\IncomeDAO.class.php(29): PDOService->execute()
#2 C:\Users\Douglas\OneDrive - Douglas College\Documents\Douglas PC\03 Programming\09 PHP\00 ToStudy\03ATM\ATM\index.php(16): IncomeDAO::getAmount()
#3 {main}
  thrown in C:\Users\Douglas\OneDrive - Douglas College\Documents\Douglas PC\03 Programming\09 PHP\00 ToStudy\03ATM\ATM\inc\Utility\PDOService.class.php on line 75
[20-Dec-2024 02:58:11 Europe/Berlin] PHP Fatal error:  Uncaught PDOException: SQLSTATE[42000]: Syntax error or access violation: 1064 You have an error in your SQL syntax; check the manual that corresponds to your MariaDB server version for the right syntax to use near 'FROM incomes' at line 1 in C:\Users\Douglas\OneDrive - Douglas College\Documents\Douglas PC\03 Programming\09 PHP\00 ToStudy\03ATM\ATM\inc\Utility\PDOService.class.php:75
Stack trace:
#0 C:\Users\Douglas\OneDrive - Douglas College\Documents\Douglas PC\03 Programming\09 PHP\00 ToStudy\03ATM\ATM\inc\Utility\PDOService.class.php(75): PDOStatement->execute()
#1 C:\Users\Douglas\OneDrive - Douglas College\Documents\Douglas PC\03 Programming\09 PHP\00 ToStudy\03ATM\ATM\inc\Utility\IncomeDAO.class.php(29): PDOService->execute()
#2 C:\Users\Douglas\OneDrive - Douglas College\Documents\Douglas PC\03 Programming\09 PHP\00 ToStudy\03ATM\ATM\index.php(16): IncomeDAO::getAmount()
#3 {main}
  thrown in C:\Users\Douglas\OneDrive - Douglas College\Documents\Douglas PC\03 Programming\09 PHP\00 ToStudy\03ATM\ATM\inc\Utility\PDOService.class.php on line 75
[20-Dec-2024 02:58:11 Europe/Berlin] PHP Fatal error:  Uncaught PDOException: SQLSTATE[42000]: Syntax error or access violation: 1064 You have an error in your SQL syntax; check the manual that corresponds to your MariaDB server version for the right syntax to use near 'FROM incomes' at line 1 in C:\Users\Douglas\OneDrive - Douglas College\Documents\Douglas PC\03 Programming\09 PHP\00 ToStudy\03ATM\ATM\inc\Utility\PDOService.class.php:75
Stack trace:
#0 C:\Users\Douglas\OneDrive - Douglas College\Documents\Douglas PC\03 Programming\09 PHP\00 ToStudy\03ATM\ATM\inc\Utility\PDOService.class.php(75): PDOStatement->execute()
#1 C:\Users\Douglas\OneDrive - Douglas College\Documents\Douglas PC\03 Programming\09 PHP\00 ToStudy\03ATM\ATM\inc\Utility\IncomeDAO.class.php(29): PDOService->execute()
#2 C:\Users\Douglas\OneDrive - Douglas College\Documents\Douglas PC\03 Programming\09 PHP\00 ToStudy\03ATM\ATM\index.php(16): IncomeDAO::getAmount()
#3 {main}
  thrown in C:\Users\Douglas\OneDrive - Douglas College\Documents\Douglas PC\03 Programming\09 PHP\00 ToStudy\03ATM\ATM\inc\Utility\PDOService.class.php on line 75
[20-Dec-2024 02:58:11 Europe/Berlin] PHP Fatal error:  Uncaught PDOException: SQLSTATE[42000]: Syntax error or access violation: 1064 You have an error in your SQL syntax; check the manual that corresponds to your MariaDB server version for the right syntax to use near 'FROM incomes' at line 1 in C:\Users\Douglas\OneDrive - Douglas College\Documents\Douglas PC\03 Programming\09 PHP\00 ToStudy\03ATM\ATM\inc\Utility\PDOService.class.php:75
Stack trace:
#0 C:\Users\Douglas\OneDrive - Douglas College\Documents\Douglas PC\03 Programming\09 PHP\00 ToStudy\03ATM\ATM\inc\Utility\PDOService.class.php(75): PDOStatement->execute()
#1 C:\Users\Douglas\OneDrive - Douglas College\Documents\Douglas PC\03 Programming\09 PHP\00 ToStudy\03ATM\ATM\inc\Utility\IncomeDAO.class.php(29): PDOService->execute()
#2 C:\Users\Douglas\OneDrive - Douglas College\Documents\Douglas PC\03 Programming\09 PHP\00 ToStudy\03ATM\ATM\index.php(16): IncomeDAO::getAmount()
#3 {main}
  thrown in C:\Users\Douglas\OneDrive - Douglas College\Documents\Douglas PC\03 Programming\09 PHP\00 ToStudy\03ATM\ATM\inc\Utility\PDOService.class.php on line 75
[20-Dec-2024 02:58:11 Europe/Berlin] PHP Fatal error:  Uncaught PDOException: SQLSTATE[42000]: Syntax error or access violation: 1064 You have an error in your SQL syntax; check the manual that corresponds to your MariaDB server version for the right syntax to use near 'FROM incomes' at line 1 in C:\Users\Douglas\OneDrive - Douglas College\Documents\Douglas PC\03 Programming\09 PHP\00 ToStudy\03ATM\ATM\inc\Utility\PDOService.class.php:75
Stack trace:
#0 C:\Users\Douglas\OneDrive - Douglas College\Documents\Douglas PC\03 Programming\09 PHP\00 ToStudy\03ATM\ATM\inc\Utility\PDOService.class.php(75): PDOStatement->execute()
#1 C:\Users\Douglas\OneDrive - Douglas College\Documents\Douglas PC\03 Programming\09 PHP\00 ToStudy\03ATM\ATM\inc\Utility\IncomeDAO.class.php(29): PDOService->execute()
#2 C:\Users\Douglas\OneDrive - Douglas College\Documents\Douglas PC\03 Programming\09 PHP\00 ToStudy\03ATM\ATM\index.php(16): IncomeDAO::getAmount()
#3 {main}
  thrown in C:\Users\Douglas\OneDrive - Douglas College\Documents\Douglas PC\03 Programming\09 PHP\00 ToStudy\03ATM\ATM\inc\Utility\PDOService.class.php on line 75
[20-Dec-2024 02:58:11 Europe/Berlin] PHP Fatal error:  Uncaught PDOException: SQLSTATE[42000]: Syntax error or access violation: 1064 You have an error in your SQL syntax; check the manual that corresponds to your MariaDB server version for the right syntax to use near 'FROM incomes' at line 1 in C:\Users\Douglas\OneDrive - Douglas College\Documents\Douglas PC\03 Programming\09 PHP\00 ToStudy\03ATM\ATM\inc\Utility\PDOService.class.php:75
Stack trace:
#0 C:\Users\Douglas\OneDrive - Douglas College\Documents\Douglas PC\03 Programming\09 PHP\00 ToStudy\03ATM\ATM\inc\Utility\PDOService.class.php(75): PDOStatement->execute()
#1 C:\Users\Douglas\OneDrive - Douglas College\Documents\Douglas PC\03 Programming\09 PHP\00 ToStudy\03ATM\ATM\inc\Utility\IncomeDAO.class.php(29): PDOService->execute()
#2 C:\Users\Douglas\OneDrive - Douglas College\Documents\Douglas PC\03 Programming\09 PHP\00 ToStudy\03ATM\ATM\index.php(16): IncomeDAO::getAmount()
#3 {main}
  thrown in C:\Users\Douglas\OneDrive - Douglas College\Documents\Douglas PC\03 Programming\09 PHP\00 ToStudy\03ATM\ATM\inc\Utility\PDOService.class.php on line 75
[20-Dec-2024 02:58:23 Europe/Berlin] PHP Fatal error:  Uncaught PDOException: SQLSTATE[42000]: Syntax error or access violation: 1064 You have an error in your SQL syntax; check the manual that corresponds to your MariaDB server version for the right syntax to use near 'FROM incomes' at line 1 in C:\Users\Douglas\OneDrive - Douglas College\Documents\Douglas PC\03 Programming\09 PHP\00 ToStudy\03ATM\ATM\inc\Utility\PDOService.class.php:75
Stack trace:
#0 C:\Users\Douglas\OneDrive - Douglas College\Documents\Douglas PC\03 Programming\09 PHP\00 ToStudy\03ATM\ATM\inc\Utility\PDOService.class.php(75): PDOStatement->execute()
#1 C:\Users\Douglas\OneDrive - Douglas College\Documents\Douglas PC\03 Programming\09 PHP\00 ToStudy\03ATM\ATM\inc\Utility\IncomeDAO.class.php(29): PDOService->execute()
#2 C:\Users\Douglas\OneDrive - Douglas College\Documents\Douglas PC\03 Programming\09 PHP\00 ToStudy\03ATM\ATM\index.php(16): IncomeDAO::getAmount()
#3 {main}
  thrown in C:\Users\Douglas\OneDrive - Douglas College\Documents\Douglas PC\03 Programming\09 PHP\00 ToStudy\03ATM\ATM\inc\Utility\PDOService.class.php on line 75
[20-Dec-2024 02:59:06 Europe/Berlin] PHP Fatal error:  Uncaught PDOException: SQLSTATE[42000]: Syntax error or access violation: 1064 You have an error in your SQL syntax; check the manual that corresponds to your MariaDB server version for the right syntax to use near 'FROM incomes' at line 1 in C:\Users\Douglas\OneDrive - Douglas College\Documents\Douglas PC\03 Programming\09 PHP\00 ToStudy\03ATM\ATM\inc\Utility\PDOService.class.php:75
Stack trace:
#0 C:\Users\Douglas\OneDrive - Douglas College\Documents\Douglas PC\03 Programming\09 PHP\00 ToStudy\03ATM\ATM\inc\Utility\PDOService.class.php(75): PDOStatement->execute()
#1 C:\Users\Douglas\OneDrive - Douglas College\Documents\Douglas PC\03 Programming\09 PHP\00 ToStudy\03ATM\ATM\inc\Utility\IncomeDAO.class.php(29): PDOService->execute()
#2 C:\Users\Douglas\OneDrive - Douglas College\Documents\Douglas PC\03 Programming\09 PHP\00 ToStudy\03ATM\ATM\index.php(16): IncomeDAO::getAmount()
#3 {main}
  thrown in C:\Users\Douglas\OneDrive - Douglas College\Documents\Douglas PC\03 Programming\09 PHP\00 ToStudy\03ATM\ATM\inc\Utility\PDOService.class.php on line 75
[20-Dec-2024 03:01:52 Europe/Berlin] PHP Fatal error:  Uncaught PDOException: SQLSTATE[42000]: Syntax error or access violation: 1064 You have an error in your SQL syntax; check the manual that corresponds to your MariaDB server version for the right syntax to use near 'FROM incomes' at line 1 in C:\Users\Douglas\OneDrive - Douglas College\Documents\Douglas PC\03 Programming\09 PHP\00 ToStudy\03ATM\ATM\inc\Utility\PDOService.class.php:75
Stack trace:
#0 C:\Users\Douglas\OneDrive - Douglas College\Documents\Douglas PC\03 Programming\09 PHP\00 ToStudy\03ATM\ATM\inc\Utility\PDOService.class.php(75): PDOStatement->execute()
#1 C:\Users\Douglas\OneDrive - Douglas College\Documents\Douglas PC\03 Programming\09 PHP\00 ToStudy\03ATM\ATM\inc\Utility\IncomeDAO.class.php(29): PDOService->execute()
#2 C:\Users\Douglas\OneDrive - Douglas College\Documents\Douglas PC\03 Programming\09 PHP\00 ToStudy\03ATM\ATM\index.php(18): IncomeDAO::getAmount()
#3 {main}
  thrown in C:\Users\Douglas\OneDrive - Douglas College\Documents\Douglas PC\03 Programming\09 PHP\00 ToStudy\03ATM\ATM\inc\Utility\PDOService.class.php on line 75
[20-Dec-2024 03:01:53 Europe/Berlin] PHP Fatal error:  Uncaught PDOException: SQLSTATE[42000]: Syntax error or access violation: 1064 You have an error in your SQL syntax; check the manual that corresponds to your MariaDB server version for the right syntax to use near 'FROM incomes' at line 1 in C:\Users\Douglas\OneDrive - Douglas College\Documents\Douglas PC\03 Programming\09 PHP\00 ToStudy\03ATM\ATM\inc\Utility\PDOService.class.php:75
Stack trace:
#0 C:\Users\Douglas\OneDrive - Douglas College\Documents\Douglas PC\03 Programming\09 PHP\00 ToStudy\03ATM\ATM\inc\Utility\PDOService.class.php(75): PDOStatement->execute()
#1 C:\Users\Douglas\OneDrive - Douglas College\Documents\Douglas PC\03 Programming\09 PHP\00 ToStudy\03ATM\ATM\inc\Utility\IncomeDAO.class.php(29): PDOService->execute()
#2 C:\Users\Douglas\OneDrive - Douglas College\Documents\Douglas PC\03 Programming\09 PHP\00 ToStudy\03ATM\ATM\index.php(18): IncomeDAO::getAmount()
#3 {main}
  thrown in C:\Users\Douglas\OneDrive - Douglas College\Documents\Douglas PC\03 Programming\09 PHP\00 ToStudy\03ATM\ATM\inc\Utility\PDOService.class.php on line 75
[20-Dec-2024 03:01:54 Europe/Berlin] PHP Fatal error:  Uncaught PDOException: SQLSTATE[42000]: Syntax error or access violation: 1064 You have an error in your SQL syntax; check the manual that corresponds to your MariaDB server version for the right syntax to use near 'FROM incomes' at line 1 in C:\Users\Douglas\OneDrive - Douglas College\Documents\Douglas PC\03 Programming\09 PHP\00 ToStudy\03ATM\ATM\inc\Utility\PDOService.class.php:75
Stack trace:
#0 C:\Users\Douglas\OneDrive - Douglas College\Documents\Douglas PC\03 Programming\09 PHP\00 ToStudy\03ATM\ATM\inc\Utility\PDOService.class.php(75): PDOStatement->execute()
#1 C:\Users\Douglas\OneDrive - Douglas College\Documents\Douglas PC\03 Programming\09 PHP\00 ToStudy\03ATM\ATM\inc\Utility\IncomeDAO.class.php(29): PDOService->execute()
#2 C:\Users\Douglas\OneDrive - Douglas College\Documents\Douglas PC\03 Programming\09 PHP\00 ToStudy\03ATM\ATM\index.php(18): IncomeDAO::getAmount()
#3 {main}
  thrown in C:\Users\Douglas\OneDrive - Douglas College\Documents\Douglas PC\03 Programming\09 PHP\00 ToStudy\03ATM\ATM\inc\Utility\PDOService.class.php on line 75
[20-Dec-2024 03:01:54 Europe/Berlin] PHP Fatal error:  Uncaught PDOException: SQLSTATE[42000]: Syntax error or access violation: 1064 You have an error in your SQL syntax; check the manual that corresponds to your MariaDB server version for the right syntax to use near 'FROM incomes' at line 1 in C:\Users\Douglas\OneDrive - Douglas College\Documents\Douglas PC\03 Programming\09 PHP\00 ToStudy\03ATM\ATM\inc\Utility\PDOService.class.php:75
Stack trace:
#0 C:\Users\Douglas\OneDrive - Douglas College\Documents\Douglas PC\03 Programming\09 PHP\00 ToStudy\03ATM\ATM\inc\Utility\PDOService.class.php(75): PDOStatement->execute()
#1 C:\Users\Douglas\OneDrive - Douglas College\Documents\Douglas PC\03 Programming\09 PHP\00 ToStudy\03ATM\ATM\inc\Utility\IncomeDAO.class.php(29): PDOService->execute()
#2 C:\Users\Douglas\OneDrive - Douglas College\Documents\Douglas PC\03 Programming\09 PHP\00 ToStudy\03ATM\ATM\index.php(18): IncomeDAO::getAmount()
#3 {main}
  thrown in C:\Users\Douglas\OneDrive - Douglas College\Documents\Douglas PC\03 Programming\09 PHP\00 ToStudy\03ATM\ATM\inc\Utility\PDOService.class.php on line 75
[20-Dec-2024 03:01:54 Europe/Berlin] PHP Fatal error:  Uncaught PDOException: SQLSTATE[42000]: Syntax error or access violation: 1064 You have an error in your SQL syntax; check the manual that corresponds to your MariaDB server version for the right syntax to use near 'FROM incomes' at line 1 in C:\Users\Douglas\OneDrive - Douglas College\Documents\Douglas PC\03 Programming\09 PHP\00 ToStudy\03ATM\ATM\inc\Utility\PDOService.class.php:75
Stack trace:
#0 C:\Users\Douglas\OneDrive - Douglas College\Documents\Douglas PC\03 Programming\09 PHP\00 ToStudy\03ATM\ATM\inc\Utility\PDOService.class.php(75): PDOStatement->execute()
#1 C:\Users\Douglas\OneDrive - Douglas College\Documents\Douglas PC\03 Programming\09 PHP\00 ToStudy\03ATM\ATM\inc\Utility\IncomeDAO.class.php(29): PDOService->execute()
#2 C:\Users\Douglas\OneDrive - Douglas College\Documents\Douglas PC\03 Programming\09 PHP\00 ToStudy\03ATM\ATM\index.php(18): IncomeDAO::getAmount()
#3 {main}
  thrown in C:\Users\Douglas\OneDrive - Douglas College\Documents\Douglas PC\03 Programming\09 PHP\00 ToStudy\03ATM\ATM\inc\Utility\PDOService.class.php on line 75
[20-Dec-2024 03:02:00 Europe/Berlin] PHP Fatal error:  Uncaught PDOException: SQLSTATE[42000]: Syntax error or access violation: 1064 You have an error in your SQL syntax; check the manual that corresponds to your MariaDB server version for the right syntax to use near 'FROM incomes' at line 1 in C:\Users\Douglas\OneDrive - Douglas College\Documents\Douglas PC\03 Programming\09 PHP\00 ToStudy\03ATM\ATM\inc\Utility\PDOService.class.php:75
Stack trace:
#0 C:\Users\Douglas\OneDrive - Douglas College\Documents\Douglas PC\03 Programming\09 PHP\00 ToStudy\03ATM\ATM\inc\Utility\PDOService.class.php(75): PDOStatement->execute()
#1 C:\Users\Douglas\OneDrive - Douglas College\Documents\Douglas PC\03 Programming\09 PHP\00 ToStudy\03ATM\ATM\inc\Utility\IncomeDAO.class.php(29): PDOService->execute()
#2 C:\Users\Douglas\OneDrive - Douglas College\Documents\Douglas PC\03 Programming\09 PHP\00 ToStudy\03ATM\ATM\index.php(18): IncomeDAO::getAmount()
#3 {main}
  thrown in C:\Users\Douglas\OneDrive - Douglas College\Documents\Douglas PC\03 Programming\09 PHP\00 ToStudy\03ATM\ATM\inc\Utility\PDOService.class.php on line 75
[20-Dec-2024 03:02:01 Europe/Berlin] PHP Fatal error:  Uncaught PDOException: SQLSTATE[42000]: Syntax error or access violation: 1064 You have an error in your SQL syntax; check the manual that corresponds to your MariaDB server version for the right syntax to use near 'FROM incomes' at line 1 in C:\Users\Douglas\OneDrive - Douglas College\Documents\Douglas PC\03 Programming\09 PHP\00 ToStudy\03ATM\ATM\inc\Utility\PDOService.class.php:75
Stack trace:
#0 C:\Users\Douglas\OneDrive - Douglas College\Documents\Douglas PC\03 Programming\09 PHP\00 ToStudy\03ATM\ATM\inc\Utility\PDOService.class.php(75): PDOStatement->execute()
#1 C:\Users\Douglas\OneDrive - Douglas College\Documents\Douglas PC\03 Programming\09 PHP\00 ToStudy\03ATM\ATM\inc\Utility\IncomeDAO.class.php(29): PDOService->execute()
#2 C:\Users\Douglas\OneDrive - Douglas College\Documents\Douglas PC\03 Programming\09 PHP\00 ToStudy\03ATM\ATM\index.php(18): IncomeDAO::getAmount()
#3 {main}
  thrown in C:\Users\Douglas\OneDrive - Douglas College\Documents\Douglas PC\03 Programming\09 PHP\00 ToStudy\03ATM\ATM\inc\Utility\PDOService.class.php on line 75
[20-Dec-2024 03:02:31 Europe/Berlin] PHP Fatal error:  Uncaught PDOException: SQLSTATE[42000]: Syntax error or access violation: 1064 You have an error in your SQL syntax; check the manual that corresponds to your MariaDB server version for the right syntax to use near 'FROM incomes' at line 1 in C:\Users\Douglas\OneDrive - Douglas College\Documents\Douglas PC\03 Programming\09 PHP\00 ToStudy\03ATM\ATM\inc\Utility\PDOService.class.php:75
Stack trace:
#0 C:\Users\Douglas\OneDrive - Douglas College\Documents\Douglas PC\03 Programming\09 PHP\00 ToStudy\03ATM\ATM\inc\Utility\PDOService.class.php(75): PDOStatement->execute()
#1 C:\Users\Douglas\OneDrive - Douglas College\Documents\Douglas PC\03 Programming\09 PHP\00 ToStudy\03ATM\ATM\inc\Utility\IncomeDAO.class.php(29): PDOService->execute()
#2 C:\Users\Douglas\OneDrive - Douglas College\Documents\Douglas PC\03 Programming\09 PHP\00 ToStudy\03ATM\ATM\index.php(18): IncomeDAO::getAmount()
#3 {main}
  thrown in C:\Users\Douglas\OneDrive - Douglas College\Documents\Douglas PC\03 Programming\09 PHP\00 ToStudy\03ATM\ATM\inc\Utility\PDOService.class.php on line 75
[20-Dec-2024 03:02:33 Europe/Berlin] PHP Fatal error:  Uncaught PDOException: SQLSTATE[42000]: Syntax error or access violation: 1064 You have an error in your SQL syntax; check the manual that corresponds to your MariaDB server version for the right syntax to use near 'FROM incomes' at line 1 in C:\Users\Douglas\OneDrive - Douglas College\Documents\Douglas PC\03 Programming\09 PHP\00 ToStudy\03ATM\ATM\inc\Utility\PDOService.class.php:75
Stack trace:
#0 C:\Users\Douglas\OneDrive - Douglas College\Documents\Douglas PC\03 Programming\09 PHP\00 ToStudy\03ATM\ATM\inc\Utility\PDOService.class.php(75): PDOStatement->execute()
#1 C:\Users\Douglas\OneDrive - Douglas College\Documents\Douglas PC\03 Programming\09 PHP\00 ToStudy\03ATM\ATM\inc\Utility\IncomeDAO.class.php(29): PDOService->execute()
#2 C:\Users\Douglas\OneDrive - Douglas College\Documents\Douglas PC\03 Programming\09 PHP\00 ToStudy\03ATM\ATM\index.php(18): IncomeDAO::getAmount()
#3 {main}
  thrown in C:\Users\Douglas\OneDrive - Douglas College\Documents\Douglas PC\03 Programming\09 PHP\00 ToStudy\03ATM\ATM\inc\Utility\PDOService.class.php on line 75
[20-Dec-2024 03:05:48 Europe/Berlin] SQLSTATE[42000]: Syntax error or access violation: 1064 You have an error in your SQL syntax; check the manual that corresponds to your MariaDB server version for the right syntax to use near 'FROM incomes' at line 1
[20-Dec-2024 03:05:48 Europe/Berlin] Balance error
[20-Dec-2024 03:07:20 Europe/Berlin] SQLSTATE[42000]: Syntax error or access violation: 1064 You have an error in your SQL syntax; check the manual that corresponds to your MariaDB server version for the right syntax to use near 'FROM incomes' at line 1
[20-Dec-2024 03:07:20 Europe/Berlin] Balance error
[20-Dec-2024 03:07:20 Europe/Berlin] PHP Warning:  Undefined variable $withdrawals in C:\Users\Douglas\OneDrive - Douglas College\Documents\Douglas PC\03 Programming\09 PHP\00 ToStudy\03ATM\ATM\index.php on line 28
[20-Dec-2024 03:07:37 Europe/Berlin] SQLSTATE[42000]: Syntax error or access violation: 1064 You have an error in your SQL syntax; check the manual that corresponds to your MariaDB server version for the right syntax to use near 'FROM incomes' at line 1
[20-Dec-2024 03:07:37 Europe/Berlin] Balance error
[20-Dec-2024 03:07:39 Europe/Berlin] SQLSTATE[42000]: Syntax error or access violation: 1064 You have an error in your SQL syntax; check the manual that corresponds to your MariaDB server version for the right syntax to use near 'FROM incomes' at line 1
[20-Dec-2024 03:07:39 Europe/Berlin] Balance error
[20-Dec-2024 03:09:24 Europe/Berlin] PHP Fatal error:  Uncaught PDOException: SQLSTATE[42000]: Syntax error or access violation: 1064 You have an error in your SQL syntax; check the manual that corresponds to your MariaDB server version for the right syntax to use near 'FROM incomes' at line 1 in C:\Users\Douglas\OneDrive - Douglas College\Documents\Douglas PC\03 Programming\09 PHP\00 ToStudy\03ATM\ATM\inc\Utility\PDOService.class.php:75
Stack trace:
#0 C:\Users\Douglas\OneDrive - Douglas College\Documents\Douglas PC\03 Programming\09 PHP\00 ToStudy\03ATM\ATM\inc\Utility\PDOService.class.php(75): PDOStatement->execute()
#1 C:\Users\Douglas\OneDrive - Douglas College\Documents\Douglas PC\03 Programming\09 PHP\00 ToStudy\03ATM\ATM\inc\Utility\IncomeDAO.class.php(28): PDOService->execute()
#2 C:\Users\Douglas\OneDrive - Douglas College\Documents\Douglas PC\03 Programming\09 PHP\00 ToStudy\03ATM\ATM\index.php(19): IncomeDAO::getAmount()
#3 {main}
  thrown in C:\Users\Douglas\OneDrive - Douglas College\Documents\Douglas PC\03 Programming\09 PHP\00 ToStudy\03ATM\ATM\inc\Utility\PDOService.class.php on line 75
[20-Dec-2024 03:11:03 Europe/Berlin] SQLSTATE[42000]: Syntax error or access violation: 1064 You have an error in your SQL syntax; check the manual that corresponds to your MariaDB server version for the right syntax to use near 'FROM withdrawals' at line 1
[20-Dec-2024 03:11:03 Europe/Berlin] Balance error
[20-Dec-2024 03:11:03 Europe/Berlin] PHP Fatal error:  Uncaught TypeError: Unsupported operand types: Income - int in C:\Users\Douglas\OneDrive - Douglas College\Documents\Douglas PC\03 Programming\09 PHP\00 ToStudy\03ATM\ATM\index.php:31
Stack trace:
#0 {main}
  thrown in C:\Users\Douglas\OneDrive - Douglas College\Documents\Douglas PC\03 Programming\09 PHP\00 ToStudy\03ATM\ATM\index.php on line 31
[20-Dec-2024 03:11:16 Europe/Berlin] PHP Fatal error:  Uncaught TypeError: Unsupported operand types: Income - Withdrawal in C:\Users\Douglas\OneDrive - Douglas College\Documents\Douglas PC\03 Programming\09 PHP\00 ToStudy\03ATM\ATM\index.php:31
Stack trace:
#0 {main}
  thrown in C:\Users\Douglas\OneDrive - Douglas College\Documents\Douglas PC\03 Programming\09 PHP\00 ToStudy\03ATM\ATM\index.php on line 31
[20-Dec-2024 03:12:16 Europe/Berlin] PHP Fatal error:  Uncaught TypeError: number_format(): Argument #1 ($num) must be of type float, Income given in C:\Users\Douglas\OneDrive - Douglas College\Documents\Douglas PC\03 Programming\09 PHP\00 ToStudy\03ATM\ATM\inc\Entity\Page.php:24
Stack trace:
#0 C:\Users\Douglas\OneDrive - Douglas College\Documents\Douglas PC\03 Programming\09 PHP\00 ToStudy\03ATM\ATM\inc\Entity\Page.php(24): number_format(Object(Income), 2)
#1 C:\Users\Douglas\OneDrive - Douglas College\Documents\Douglas PC\03 Programming\09 PHP\00 ToStudy\03ATM\ATM\index.php(33): Page::header(Object(Income))
#2 {main}
  thrown in C:\Users\Douglas\OneDrive - Douglas College\Documents\Douglas PC\03 Programming\09 PHP\00 ToStudy\03ATM\ATM\inc\Entity\Page.php on line 24
[20-Dec-2024 03:17:50 Europe/Berlin] PHP Parse error:  syntax error, unexpected token ")" in C:\Users\Douglas\OneDrive - Douglas College\Documents\Douglas PC\03 Programming\09 PHP\00 ToStudy\03ATM\ATM\inc\Entity\Page.php on line 24
[20-Dec-2024 03:19:10 Europe/Berlin] PHP Parse error:  syntax error, unexpected token ")" in C:\Users\Douglas\OneDrive - Douglas College\Documents\Douglas PC\03 Programming\09 PHP\00 ToStudy\03ATM\ATM\inc\Entity\Page.php on line 24
[20-Dec-2024 03:19:50 Europe/Berlin] PHP Fatal error:  Uncaught TypeError: array_merge(): Argument #1 must be of type array, Income given in C:\Users\Douglas\OneDrive - Douglas College\Documents\Douglas PC\03 Programming\09 PHP\00 ToStudy\03ATM\ATM\index.php:26
Stack trace:
#0 C:\Users\Douglas\OneDrive - Douglas College\Documents\Douglas PC\03 Programming\09 PHP\00 ToStudy\03ATM\ATM\index.php(26): array_merge(Object(Income), Object(Withdrawal))
#1 {main}
  thrown in C:\Users\Douglas\OneDrive - Douglas College\Documents\Douglas PC\03 Programming\09 PHP\00 ToStudy\03ATM\ATM\index.php on line 26
[20-Dec-2024 03:20:19 Europe/Berlin] PHP Fatal error:  Uncaught TypeError: array_merge(): Argument #1 must be of type array, Income given in C:\Users\Douglas\OneDrive - Douglas College\Documents\Douglas PC\03 Programming\09 PHP\00 ToStudy\03ATM\ATM\index.php:26
Stack trace:
#0 C:\Users\Douglas\OneDrive - Douglas College\Documents\Douglas PC\03 Programming\09 PHP\00 ToStudy\03ATM\ATM\index.php(26): array_merge(Object(Income), Object(Withdrawal))
#1 {main}
  thrown in C:\Users\Douglas\OneDrive - Douglas College\Documents\Douglas PC\03 Programming\09 PHP\00 ToStudy\03ATM\ATM\index.php on line 26
[20-Dec-2024 03:20:20 Europe/Berlin] PHP Fatal error:  Uncaught TypeError: array_merge(): Argument #1 must be of type array, Income given in C:\Users\Douglas\OneDrive - Douglas College\Documents\Douglas PC\03 Programming\09 PHP\00 ToStudy\03ATM\ATM\index.php:26
Stack trace:
#0 C:\Users\Douglas\OneDrive - Douglas College\Documents\Douglas PC\03 Programming\09 PHP\00 ToStudy\03ATM\ATM\index.php(26): array_merge(Object(Income), Object(Withdrawal))
#1 {main}
  thrown in C:\Users\Douglas\OneDrive - Douglas College\Documents\Douglas PC\03 Programming\09 PHP\00 ToStudy\03ATM\ATM\index.php on line 26
[20-Dec-2024 03:20:24 Europe/Berlin] PHP Fatal error:  Uncaught TypeError: number_format(): Argument #1 ($num) must be of type float, Income given in C:\Users\Douglas\OneDrive - Douglas College\Documents\Douglas PC\03 Programming\09 PHP\00 ToStudy\03ATM\ATM\inc\Entity\Page.php:24
Stack trace:
#0 C:\Users\Douglas\OneDrive - Douglas College\Documents\Douglas PC\03 Programming\09 PHP\00 ToStudy\03ATM\ATM\inc\Entity\Page.php(24): number_format(Object(Income), 2)
#1 C:\Users\Douglas\OneDrive - Douglas College\Documents\Douglas PC\03 Programming\09 PHP\00 ToStudy\03ATM\ATM\index.php(31): Page::header(Object(Income), Object(Withdrawal))
#2 {main}
  thrown in C:\Users\Douglas\OneDrive - Douglas College\Documents\Douglas PC\03 Programming\09 PHP\00 ToStudy\03ATM\ATM\inc\Entity\Page.php on line 24
[20-Dec-2024 03:20:46 Europe/Berlin] PHP Fatal error:  Uncaught TypeError: number_format(): Argument #1 ($num) must be of type float, array given in C:\Users\Douglas\OneDrive - Douglas College\Documents\Douglas PC\03 Programming\09 PHP\00 ToStudy\03ATM\ATM\inc\Entity\Page.php:24
Stack trace:
#0 C:\Users\Douglas\OneDrive - Douglas College\Documents\Douglas PC\03 Programming\09 PHP\00 ToStudy\03ATM\ATM\inc\Entity\Page.php(24): number_format(Array, 2)
#1 C:\Users\Douglas\OneDrive - Douglas College\Documents\Douglas PC\03 Programming\09 PHP\00 ToStudy\03ATM\ATM\index.php(31): Page::header(Array, Object(Withdrawal))
#2 {main}
  thrown in C:\Users\Douglas\OneDrive - Douglas College\Documents\Douglas PC\03 Programming\09 PHP\00 ToStudy\03ATM\ATM\inc\Entity\Page.php on line 24
[20-Dec-2024 03:20:52 Europe/Berlin] PHP Fatal error:  Uncaught TypeError: array_merge(): Argument #2 must be of type array, Withdrawal given in C:\Users\Douglas\OneDrive - Douglas College\Documents\Douglas PC\03 Programming\09 PHP\00 ToStudy\03ATM\ATM\index.php:26
Stack trace:
#0 C:\Users\Douglas\OneDrive - Douglas College\Documents\Douglas PC\03 Programming\09 PHP\00 ToStudy\03ATM\ATM\index.php(26): array_merge(Array, Object(Withdrawal))
#1 {main}
  thrown in C:\Users\Douglas\OneDrive - Douglas College\Documents\Douglas PC\03 Programming\09 PHP\00 ToStudy\03ATM\ATM\index.php on line 26
[20-Dec-2024 03:20:53 Europe/Berlin] PHP Fatal error:  Uncaught TypeError: array_merge(): Argument #2 must be of type array, Withdrawal given in C:\Users\Douglas\OneDrive - Douglas College\Documents\Douglas PC\03 Programming\09 PHP\00 ToStudy\03ATM\ATM\index.php:26
Stack trace:
#0 C:\Users\Douglas\OneDrive - Douglas College\Documents\Douglas PC\03 Programming\09 PHP\00 ToStudy\03ATM\ATM\index.php(26): array_merge(Array, Object(Withdrawal))
#1 {main}
  thrown in C:\Users\Douglas\OneDrive - Douglas College\Documents\Douglas PC\03 Programming\09 PHP\00 ToStudy\03ATM\ATM\index.php on line 26
[20-Dec-2024 03:20:59 Europe/Berlin] PHP Fatal error:  Uncaught TypeError: number_format(): Argument #1 ($num) must be of type float, array given in C:\Users\Douglas\OneDrive - Douglas College\Documents\Douglas PC\03 Programming\09 PHP\00 ToStudy\03ATM\ATM\inc\Entity\Page.php:24
Stack trace:
#0 C:\Users\Douglas\OneDrive - Douglas College\Documents\Douglas PC\03 Programming\09 PHP\00 ToStudy\03ATM\ATM\inc\Entity\Page.php(24): number_format(Array, 2)
#1 C:\Users\Douglas\OneDrive - Douglas College\Documents\Douglas PC\03 Programming\09 PHP\00 ToStudy\03ATM\ATM\index.php(31): Page::header(Array, Object(Withdrawal))
#2 {main}
  thrown in C:\Users\Douglas\OneDrive - Douglas College\Documents\Douglas PC\03 Programming\09 PHP\00 ToStudy\03ATM\ATM\inc\Entity\Page.php on line 24
[20-Dec-2024 03:21:10 Europe/Berlin] PHP Fatal error:  Uncaught TypeError: array_merge(): Argument #2 must be of type array, Withdrawal given in C:\Users\Douglas\OneDrive - Douglas College\Documents\Douglas PC\03 Programming\09 PHP\00 ToStudy\03ATM\ATM\index.php:26
Stack trace:
#0 C:\Users\Douglas\OneDrive - Douglas College\Documents\Douglas PC\03 Programming\09 PHP\00 ToStudy\03ATM\ATM\index.php(26): array_merge(Array, Object(Withdrawal))
#1 {main}
  thrown in C:\Users\Douglas\OneDrive - Douglas College\Documents\Douglas PC\03 Programming\09 PHP\00 ToStudy\03ATM\ATM\index.php on line 26
[20-Dec-2024 03:21:16 Europe/Berlin] PHP Fatal error:  Uncaught TypeError: number_format(): Argument #1 ($num) must be of type float, array given in C:\Users\Douglas\OneDrive - Douglas College\Documents\Douglas PC\03 Programming\09 PHP\00 ToStudy\03ATM\ATM\inc\Entity\Page.php:24
Stack trace:
#0 C:\Users\Douglas\OneDrive - Douglas College\Documents\Douglas PC\03 Programming\09 PHP\00 ToStudy\03ATM\ATM\inc\Entity\Page.php(24): number_format(Array, 2)
#1 C:\Users\Douglas\OneDrive - Douglas College\Documents\Douglas PC\03 Programming\09 PHP\00 ToStudy\03ATM\ATM\index.php(31): Page::header(Array, Array)
#2 {main}
  thrown in C:\Users\Douglas\OneDrive - Douglas College\Documents\Douglas PC\03 Programming\09 PHP\00 ToStudy\03ATM\ATM\inc\Entity\Page.php on line 24
[20-Dec-2024 03:22:19 Europe/Berlin] PHP Fatal error:  Uncaught TypeError: number_format(): Argument #1 ($num) must be of type float, array given in C:\Users\Douglas\OneDrive - Douglas College\Documents\Douglas PC\03 Programming\09 PHP\00 ToStudy\03ATM\ATM\inc\Entity\Page.php:24
Stack trace:
#0 C:\Users\Douglas\OneDrive - Douglas College\Documents\Douglas PC\03 Programming\09 PHP\00 ToStudy\03ATM\ATM\inc\Entity\Page.php(24): number_format(Array, 2)
#1 C:\Users\Douglas\OneDrive - Douglas College\Documents\Douglas PC\03 Programming\09 PHP\00 ToStudy\03ATM\ATM\index.php(31): Page::header(Array, Array)
#2 {main}
  thrown in C:\Users\Douglas\OneDrive - Douglas College\Documents\Douglas PC\03 Programming\09 PHP\00 ToStudy\03ATM\ATM\inc\Entity\Page.php on line 24
[20-Dec-2024 03:22:35 Europe/Berlin] PHP Fatal error:  Uncaught TypeError: number_format(): Argument #1 ($num) must be of type float, array given in C:\Users\Douglas\OneDrive - Douglas College\Documents\Douglas PC\03 Programming\09 PHP\00 ToStudy\03ATM\ATM\inc\Entity\Page.php:24
Stack trace:
#0 C:\Users\Douglas\OneDrive - Douglas College\Documents\Douglas PC\03 Programming\09 PHP\00 ToStudy\03ATM\ATM\inc\Entity\Page.php(24): number_format(Array, 2)
#1 C:\Users\Douglas\OneDrive - Douglas College\Documents\Douglas PC\03 Programming\09 PHP\00 ToStudy\03ATM\ATM\index.php(31): Page::header(Array, Array)
#2 {main}
  thrown in C:\Users\Douglas\OneDrive - Douglas College\Documents\Douglas PC\03 Programming\09 PHP\00 ToStudy\03ATM\ATM\inc\Entity\Page.php on line 24
[20-Dec-2024 03:22:37 Europe/Berlin] PHP Fatal error:  Uncaught TypeError: number_format(): Argument #1 ($num) must be of type float, array given in C:\Users\Douglas\OneDrive - Douglas College\Documents\Douglas PC\03 Programming\09 PHP\00 ToStudy\03ATM\ATM\inc\Entity\Page.php:24
Stack trace:
#0 C:\Users\Douglas\OneDrive - Douglas College\Documents\Douglas PC\03 Programming\09 PHP\00 ToStudy\03ATM\ATM\inc\Entity\Page.php(24): number_format(Array, 2)
#1 C:\Users\Douglas\OneDrive - Douglas College\Documents\Douglas PC\03 Programming\09 PHP\00 ToStudy\03ATM\ATM\index.php(31): Page::header(Array, Array)
#2 {main}
  thrown in C:\Users\Douglas\OneDrive - Douglas College\Documents\Douglas PC\03 Programming\09 PHP\00 ToStudy\03ATM\ATM\inc\Entity\Page.php on line 24
[20-Dec-2024 03:25:00 Europe/Berlin] PHP Fatal error:  Cannot redeclare IncomeDAO::getIncomes() in C:\Users\Douglas\OneDrive - Douglas College\Documents\Douglas PC\03 Programming\09 PHP\00 ToStudy\03ATM\ATM\inc\Utility\IncomeDAO.class.php on line 33
[20-Dec-2024 03:25:25 Europe/Berlin] PHP Fatal error:  Uncaught Error: Call to a member function getIncomes() on array in C:\Users\Douglas\OneDrive - Douglas College\Documents\Douglas PC\03 Programming\09 PHP\00 ToStudy\03ATM\ATM\inc\Entity\Page.php:24
Stack trace:
#0 C:\Users\Douglas\OneDrive - Douglas College\Documents\Douglas PC\03 Programming\09 PHP\00 ToStudy\03ATM\ATM\index.php(31): Page::header(Array)
#1 {main}
  thrown in C:\Users\Douglas\OneDrive - Douglas College\Documents\Douglas PC\03 Programming\09 PHP\00 ToStudy\03ATM\ATM\inc\Entity\Page.php on line 24
[20-Dec-2024 03:26:27 Europe/Berlin] PHP Fatal error:  Uncaught Error: Call to undefined method Income::getIncomes() in C:\Users\Douglas\OneDrive - Douglas College\Documents\Douglas PC\03 Programming\09 PHP\00 ToStudy\03ATM\ATM\inc\Entity\Page.php:24
Stack trace:
#0 C:\Users\Douglas\OneDrive - Douglas College\Documents\Douglas PC\03 Programming\09 PHP\00 ToStudy\03ATM\ATM\index.php(31): Page::header(Array)
#1 {main}
  thrown in C:\Users\Douglas\OneDrive - Douglas College\Documents\Douglas PC\03 Programming\09 PHP\00 ToStudy\03ATM\ATM\inc\Entity\Page.php on line 24
[20-Dec-2024 03:26:28 Europe/Berlin] PHP Fatal error:  Uncaught Error: Call to undefined method Income::getIncomes() in C:\Users\Douglas\OneDrive - Douglas College\Documents\Douglas PC\03 Programming\09 PHP\00 ToStudy\03ATM\ATM\inc\Entity\Page.php:24
Stack trace:
#0 C:\Users\Douglas\OneDrive - Douglas College\Documents\Douglas PC\03 Programming\09 PHP\00 ToStudy\03ATM\ATM\index.php(31): Page::header(Array)
#1 {main}
  thrown in C:\Users\Douglas\OneDrive - Douglas College\Documents\Douglas PC\03 Programming\09 PHP\00 ToStudy\03ATM\ATM\inc\Entity\Page.php on line 24
[20-Dec-2024 03:26:28 Europe/Berlin] PHP Fatal error:  Uncaught Error: Call to undefined method Income::getIncomes() in C:\Users\Douglas\OneDrive - Douglas College\Documents\Douglas PC\03 Programming\09 PHP\00 ToStudy\03ATM\ATM\inc\Entity\Page.php:24
Stack trace:
#0 C:\Users\Douglas\OneDrive - Douglas College\Documents\Douglas PC\03 Programming\09 PHP\00 ToStudy\03ATM\ATM\index.php(31): Page::header(Array)
#1 {main}
  thrown in C:\Users\Douglas\OneDrive - Douglas College\Documents\Douglas PC\03 Programming\09 PHP\00 ToStudy\03ATM\ATM\inc\Entity\Page.php on line 24
[20-Dec-2024 03:26:28 Europe/Berlin] PHP Fatal error:  Uncaught Error: Call to undefined method Income::getIncomes() in C:\Users\Douglas\OneDrive - Douglas College\Documents\Douglas PC\03 Programming\09 PHP\00 ToStudy\03ATM\ATM\inc\Entity\Page.php:24
Stack trace:
#0 C:\Users\Douglas\OneDrive - Douglas College\Documents\Douglas PC\03 Programming\09 PHP\00 ToStudy\03ATM\ATM\index.php(31): Page::header(Array)
#1 {main}
  thrown in C:\Users\Douglas\OneDrive - Douglas College\Documents\Douglas PC\03 Programming\09 PHP\00 ToStudy\03ATM\ATM\inc\Entity\Page.php on line 24
[20-Dec-2024 03:27:53 Europe/Berlin] PHP Fatal error:  Uncaught Error: Cannot use object of type Income as array in C:\Users\Douglas\OneDrive - Douglas College\Documents\Douglas PC\03 Programming\09 PHP\00 ToStudy\03ATM\ATM\inc\Entity\Page.php:24
Stack trace:
#0 C:\Users\Douglas\OneDrive - Douglas College\Documents\Douglas PC\03 Programming\09 PHP\00 ToStudy\03ATM\ATM\index.php(31): Page::header(Array)
#1 {main}
  thrown in C:\Users\Douglas\OneDrive - Douglas College\Documents\Douglas PC\03 Programming\09 PHP\00 ToStudy\03ATM\ATM\inc\Entity\Page.php on line 24
[20-Dec-2024 03:29:18 Europe/Berlin] PHP Fatal error:  Uncaught Error: Call to undefined method Income::getIncomes() in C:\Users\Douglas\OneDrive - Douglas College\Documents\Douglas PC\03 Programming\09 PHP\00 ToStudy\03ATM\ATM\inc\Entity\Page.php:24
Stack trace:
#0 C:\Users\Douglas\OneDrive - Douglas College\Documents\Douglas PC\03 Programming\09 PHP\00 ToStudy\03ATM\ATM\index.php(31): Page::header(Array)
#1 {main}
  thrown in C:\Users\Douglas\OneDrive - Douglas College\Documents\Douglas PC\03 Programming\09 PHP\00 ToStudy\03ATM\ATM\inc\Entity\Page.php on line 24
[20-Dec-2024 03:29:22 Europe/Berlin] PHP Fatal error:  Uncaught Error: Call to undefined method Income::getIncomes() in C:\Users\Douglas\OneDrive - Douglas College\Documents\Douglas PC\03 Programming\09 PHP\00 ToStudy\03ATM\ATM\inc\Entity\Page.php:24
Stack trace:
#0 C:\Users\Douglas\OneDrive - Douglas College\Documents\Douglas PC\03 Programming\09 PHP\00 ToStudy\03ATM\ATM\index.php(31): Page::header(Array)
#1 {main}
  thrown in C:\Users\Douglas\OneDrive - Douglas College\Documents\Douglas PC\03 Programming\09 PHP\00 ToStudy\03ATM\ATM\inc\Entity\Page.php on line 24
[20-Dec-2024 03:29:22 Europe/Berlin] PHP Fatal error:  Uncaught Error: Call to undefined method Income::getIncomes() in C:\Users\Douglas\OneDrive - Douglas College\Documents\Douglas PC\03 Programming\09 PHP\00 ToStudy\03ATM\ATM\inc\Entity\Page.php:24
Stack trace:
#0 C:\Users\Douglas\OneDrive - Douglas College\Documents\Douglas PC\03 Programming\09 PHP\00 ToStudy\03ATM\ATM\index.php(31): Page::header(Array)
#1 {main}
  thrown in C:\Users\Douglas\OneDrive - Douglas College\Documents\Douglas PC\03 Programming\09 PHP\00 ToStudy\03ATM\ATM\inc\Entity\Page.php on line 24
[20-Dec-2024 03:29:23 Europe/Berlin] PHP Fatal error:  Uncaught Error: Call to undefined method Income::getIncomes() in C:\Users\Douglas\OneDrive - Douglas College\Documents\Douglas PC\03 Programming\09 PHP\00 ToStudy\03ATM\ATM\inc\Entity\Page.php:24
Stack trace:
#0 C:\Users\Douglas\OneDrive - Douglas College\Documents\Douglas PC\03 Programming\09 PHP\00 ToStudy\03ATM\ATM\index.php(31): Page::header(Array)
#1 {main}
  thrown in C:\Users\Douglas\OneDrive - Douglas College\Documents\Douglas PC\03 Programming\09 PHP\00 ToStudy\03ATM\ATM\inc\Entity\Page.php on line 24
[20-Dec-2024 03:29:23 Europe/Berlin] PHP Fatal error:  Uncaught Error: Call to undefined method Income::getIncomes() in C:\Users\Douglas\OneDrive - Douglas College\Documents\Douglas PC\03 Programming\09 PHP\00 ToStudy\03ATM\ATM\inc\Entity\Page.php:24
Stack trace:
#0 C:\Users\Douglas\OneDrive - Douglas College\Documents\Douglas PC\03 Programming\09 PHP\00 ToStudy\03ATM\ATM\index.php(31): Page::header(Array)
#1 {main}
  thrown in C:\Users\Douglas\OneDrive - Douglas College\Documents\Douglas PC\03 Programming\09 PHP\00 ToStudy\03ATM\ATM\inc\Entity\Page.php on line 24
[20-Dec-2024 03:29:23 Europe/Berlin] PHP Fatal error:  Uncaught Error: Call to undefined method Income::getIncomes() in C:\Users\Douglas\OneDrive - Douglas College\Documents\Douglas PC\03 Programming\09 PHP\00 ToStudy\03ATM\ATM\inc\Entity\Page.php:24
Stack trace:
#0 C:\Users\Douglas\OneDrive - Douglas College\Documents\Douglas PC\03 Programming\09 PHP\00 ToStudy\03ATM\ATM\index.php(31): Page::header(Array)
#1 {main}
  thrown in C:\Users\Douglas\OneDrive - Douglas College\Documents\Douglas PC\03 Programming\09 PHP\00 ToStudy\03ATM\ATM\inc\Entity\Page.php on line 24
[20-Dec-2024 03:29:49 Europe/Berlin] PHP Fatal error:  Uncaught TypeError: number_format(): Argument #1 ($num) must be of type float, array given in C:\Users\Douglas\OneDrive - Douglas College\Documents\Douglas PC\03 Programming\09 PHP\00 ToStudy\03ATM\ATM\inc\Entity\Page.php:24
Stack trace:
#0 C:\Users\Douglas\OneDrive - Douglas College\Documents\Douglas PC\03 Programming\09 PHP\00 ToStudy\03ATM\ATM\inc\Entity\Page.php(24): number_format(Array, 2)
#1 C:\Users\Douglas\OneDrive - Douglas College\Documents\Douglas PC\03 Programming\09 PHP\00 ToStudy\03ATM\ATM\index.php(31): Page::header(Array)
#2 {main}
  thrown in C:\Users\Douglas\OneDrive - Douglas College\Documents\Douglas PC\03 Programming\09 PHP\00 ToStudy\03ATM\ATM\inc\Entity\Page.php on line 24
[20-Dec-2024 03:30:05 Europe/Berlin] PHP Fatal error:  Uncaught TypeError: number_format(): Argument #1 ($num) must be of type float, array given in C:\Users\Douglas\OneDrive - Douglas College\Documents\Douglas PC\03 Programming\09 PHP\00 ToStudy\03ATM\ATM\inc\Entity\Page.php:24
Stack trace:
#0 C:\Users\Douglas\OneDrive - Douglas College\Documents\Douglas PC\03 Programming\09 PHP\00 ToStudy\03ATM\ATM\inc\Entity\Page.php(24): number_format(Array, 2)
#1 C:\Users\Douglas\OneDrive - Douglas College\Documents\Douglas PC\03 Programming\09 PHP\00 ToStudy\03ATM\ATM\index.php(31): Page::header(Array)
#2 {main}
  thrown in C:\Users\Douglas\OneDrive - Douglas College\Documents\Douglas PC\03 Programming\09 PHP\00 ToStudy\03ATM\ATM\inc\Entity\Page.php on line 24
[20-Dec-2024 03:30:31 Europe/Berlin] PHP Fatal error:  Uncaught TypeError: number_format(): Argument #1 ($num) must be of type float, Income given in C:\Users\Douglas\OneDrive - Douglas College\Documents\Douglas PC\03 Programming\09 PHP\00 ToStudy\03ATM\ATM\inc\Entity\Page.php:24
Stack trace:
#0 C:\Users\Douglas\OneDrive - Douglas College\Documents\Douglas PC\03 Programming\09 PHP\00 ToStudy\03ATM\ATM\inc\Entity\Page.php(24): number_format(Object(Income), 2)
#1 C:\Users\Douglas\OneDrive - Douglas College\Documents\Douglas PC\03 Programming\09 PHP\00 ToStudy\03ATM\ATM\index.php(31): Page::header(Array)
#2 {main}
  thrown in C:\Users\Douglas\OneDrive - Douglas College\Documents\Douglas PC\03 Programming\09 PHP\00 ToStudy\03ATM\ATM\inc\Entity\Page.php on line 24
[20-Dec-2024 03:31:11 Europe/Berlin] PHP Fatal error:  Uncaught TypeError: number_format(): Argument #1 ($num) must be of type float, Income given in C:\Users\Douglas\OneDrive - Douglas College\Documents\Douglas PC\03 Programming\09 PHP\00 ToStudy\03ATM\ATM\inc\Entity\Page.php:24
Stack trace:
#0 C:\Users\Douglas\OneDrive - Douglas College\Documents\Douglas PC\03 Programming\09 PHP\00 ToStudy\03ATM\ATM\inc\Entity\Page.php(24): number_format(Object(Income), 2)
#1 C:\Users\Douglas\OneDrive - Douglas College\Documents\Douglas PC\03 Programming\09 PHP\00 ToStudy\03ATM\ATM\index.php(31): Page::header(Array)
#2 {main}
  thrown in C:\Users\Douglas\OneDrive - Douglas College\Documents\Douglas PC\03 Programming\09 PHP\00 ToStudy\03ATM\ATM\inc\Entity\Page.php on line 24
[20-Dec-2024 03:32:04 Europe/Berlin] PHP Warning:  foreach() argument must be of type array|object, int given in C:\Users\Douglas\OneDrive - Douglas College\Documents\Douglas PC\03 Programming\09 PHP\00 ToStudy\03ATM\ATM\inc\Entity\Page.php on line 23
[20-Dec-2024 03:32:05 Europe/Berlin] PHP Warning:  foreach() argument must be of type array|object, int given in C:\Users\Douglas\OneDrive - Douglas College\Documents\Douglas PC\03 Programming\09 PHP\00 ToStudy\03ATM\ATM\inc\Entity\Page.php on line 23
[20-Dec-2024 03:32:09 Europe/Berlin] PHP Warning:  foreach() argument must be of type array|object, int given in C:\Users\Douglas\OneDrive - Douglas College\Documents\Douglas PC\03 Programming\09 PHP\00 ToStudy\03ATM\ATM\inc\Entity\Page.php on line 23
[20-Dec-2024 03:32:37 Europe/Berlin] PHP Warning:  foreach() argument must be of type array|object, int given in C:\Users\Douglas\OneDrive - Douglas College\Documents\Douglas PC\03 Programming\09 PHP\00 ToStudy\03ATM\ATM\inc\Entity\Page.php on line 23
[20-Dec-2024 03:32:51 Europe/Berlin] PHP Warning:  foreach() argument must be of type array|object, int given in C:\Users\Douglas\OneDrive - Douglas College\Documents\Douglas PC\03 Programming\09 PHP\00 ToStudy\03ATM\ATM\inc\Entity\Page.php on line 23
[20-Dec-2024 03:32:52 Europe/Berlin] PHP Warning:  foreach() argument must be of type array|object, int given in C:\Users\Douglas\OneDrive - Douglas College\Documents\Douglas PC\03 Programming\09 PHP\00 ToStudy\03ATM\ATM\inc\Entity\Page.php on line 23
[20-Dec-2024 03:33:08 Europe/Berlin] PHP Warning:  Undefined array key "total" in C:\Users\Douglas\OneDrive - Douglas College\Documents\Douglas PC\03 Programming\09 PHP\00 ToStudy\03ATM\ATM\index.php on line 28
[20-Dec-2024 03:33:08 Europe/Berlin] PHP Warning:  foreach() argument must be of type array|object, int given in C:\Users\Douglas\OneDrive - Douglas College\Documents\Douglas PC\03 Programming\09 PHP\00 ToStudy\03ATM\ATM\inc\Entity\Page.php on line 23
[20-Dec-2024 03:33:24 Europe/Berlin] PHP Warning:  foreach() argument must be of type array|object, int given in C:\Users\Douglas\OneDrive - Douglas College\Documents\Douglas PC\03 Programming\09 PHP\00 ToStudy\03ATM\ATM\inc\Entity\Page.php on line 23
[20-Dec-2024 03:33:47 Europe/Berlin] PHP Warning:  Undefined array key "total" in C:\Users\Douglas\OneDrive - Douglas College\Documents\Douglas PC\03 Programming\09 PHP\00 ToStudy\03ATM\ATM\index.php on line 28
[20-Dec-2024 03:33:47 Europe/Berlin] PHP Warning:  foreach() argument must be of type array|object, int given in C:\Users\Douglas\OneDrive - Douglas College\Documents\Douglas PC\03 Programming\09 PHP\00 ToStudy\03ATM\ATM\inc\Entity\Page.php on line 23
[20-Dec-2024 03:33:57 Europe/Berlin] PHP Warning:  foreach() argument must be of type array|object, int given in C:\Users\Douglas\OneDrive - Douglas College\Documents\Douglas PC\03 Programming\09 PHP\00 ToStudy\03ATM\ATM\inc\Entity\Page.php on line 23
[20-Dec-2024 03:34:15 Europe/Berlin] PHP Fatal error:  Uncaught Error: Cannot use object of type Income as array in C:\Users\Douglas\OneDrive - Douglas College\Documents\Douglas PC\03 Programming\09 PHP\00 ToStudy\03ATM\ATM\index.php:28
Stack trace:
#0 {main}
  thrown in C:\Users\Douglas\OneDrive - Douglas College\Documents\Douglas PC\03 Programming\09 PHP\00 ToStudy\03ATM\ATM\index.php on line 28
[20-Dec-2024 03:34:31 Europe/Berlin] PHP Warning:  foreach() argument must be of type array|object, int given in C:\Users\Douglas\OneDrive - Douglas College\Documents\Douglas PC\03 Programming\09 PHP\00 ToStudy\03ATM\ATM\inc\Entity\Page.php on line 23
[20-Dec-2024 03:34:43 Europe/Berlin] PHP Warning:  foreach() argument must be of type array|object, int given in C:\Users\Douglas\OneDrive - Douglas College\Documents\Douglas PC\03 Programming\09 PHP\00 ToStudy\03ATM\ATM\inc\Entity\Page.php on line 23
[20-Dec-2024 03:35:39 Europe/Berlin] PHP Warning:  foreach() argument must be of type array|object, int given in C:\Users\Douglas\OneDrive - Douglas College\Documents\Douglas PC\03 Programming\09 PHP\00 ToStudy\03ATM\ATM\inc\Entity\Page.php on line 23
[20-Dec-2024 03:35:49 Europe/Berlin] PHP Fatal error:  Uncaught Error: Undefined constant "total" in C:\Users\Douglas\OneDrive - Douglas College\Documents\Douglas PC\03 Programming\09 PHP\00 ToStudy\03ATM\ATM\index.php:28
Stack trace:
#0 {main}
  thrown in C:\Users\Douglas\OneDrive - Douglas College\Documents\Douglas PC\03 Programming\09 PHP\00 ToStudy\03ATM\ATM\index.php on line 28
[20-Dec-2024 03:35:59 Europe/Berlin] PHP Fatal error:  Uncaught Error: Cannot use object of type Income as array in C:\Users\Douglas\OneDrive - Douglas College\Documents\Douglas PC\03 Programming\09 PHP\00 ToStudy\03ATM\ATM\index.php:28
Stack trace:
#0 {main}
  thrown in C:\Users\Douglas\OneDrive - Douglas College\Documents\Douglas PC\03 Programming\09 PHP\00 ToStudy\03ATM\ATM\index.php on line 28
[20-Dec-2024 03:36:01 Europe/Berlin] PHP Fatal error:  Uncaught Error: Cannot use object of type Income as array in C:\Users\Douglas\OneDrive - Douglas College\Documents\Douglas PC\03 Programming\09 PHP\00 ToStudy\03ATM\ATM\index.php:28
Stack trace:
#0 {main}
  thrown in C:\Users\Douglas\OneDrive - Douglas College\Documents\Douglas PC\03 Programming\09 PHP\00 ToStudy\03ATM\ATM\index.php on line 28
[20-Dec-2024 03:36:12 Europe/Berlin] PHP Warning:  foreach() argument must be of type array|object, int given in C:\Users\Douglas\OneDrive - Douglas College\Documents\Douglas PC\03 Programming\09 PHP\00 ToStudy\03ATM\ATM\inc\Entity\Page.php on line 23
[20-Dec-2024 03:36:27 Europe/Berlin] PHP Warning:  foreach() argument must be of type array|object, int given in C:\Users\Douglas\OneDrive - Douglas College\Documents\Douglas PC\03 Programming\09 PHP\00 ToStudy\03ATM\ATM\inc\Entity\Page.php on line 23
[20-Dec-2024 03:36:49 Europe/Berlin] PHP Warning:  foreach() argument must be of type array|object, int given in C:\Users\Douglas\OneDrive - Douglas College\Documents\Douglas PC\03 Programming\09 PHP\00 ToStudy\03ATM\ATM\inc\Entity\Page.php on line 23
[20-Dec-2024 03:37:17 Europe/Berlin] PHP Warning:  foreach() argument must be of type array|object, int given in C:\Users\Douglas\OneDrive - Douglas College\Documents\Douglas PC\03 Programming\09 PHP\00 ToStudy\03ATM\ATM\inc\Entity\Page.php on line 23
[20-Dec-2024 03:37:50 Europe/Berlin] PHP Warning:  foreach() argument must be of type array|object, int given in C:\Users\Douglas\OneDrive - Douglas College\Documents\Douglas PC\03 Programming\09 PHP\00 ToStudy\03ATM\ATM\inc\Entity\Page.php on line 23
[20-Dec-2024 03:38:11 Europe/Berlin] PHP Fatal error:  Uncaught Error: Cannot use object of type Withdrawal as array in C:\Users\Douglas\OneDrive - Douglas College\Documents\Douglas PC\03 Programming\09 PHP\00 ToStudy\03ATM\ATM\index.php:28
Stack trace:
#0 {main}
  thrown in C:\Users\Douglas\OneDrive - Douglas College\Documents\Douglas PC\03 Programming\09 PHP\00 ToStudy\03ATM\ATM\index.php on line 28
[20-Dec-2024 03:38:38 Europe/Berlin] PHP Warning:  foreach() argument must be of type array|object, int given in C:\Users\Douglas\OneDrive - Douglas College\Documents\Douglas PC\03 Programming\09 PHP\00 ToStudy\03ATM\ATM\inc\Entity\Page.php on line 23
[20-Dec-2024 03:39:07 Europe/Berlin] PHP Fatal error:  Uncaught Error: Cannot use object of type Withdrawal as array in C:\Users\Douglas\OneDrive - Douglas College\Documents\Douglas PC\03 Programming\09 PHP\00 ToStudy\03ATM\ATM\index.php:28
Stack trace:
#0 {main}
  thrown in C:\Users\Douglas\OneDrive - Douglas College\Documents\Douglas PC\03 Programming\09 PHP\00 ToStudy\03ATM\ATM\index.php on line 28
[20-Dec-2024 03:39:13 Europe/Berlin] PHP Fatal error:  Uncaught Error: Cannot use object of type Withdrawal as array in C:\Users\Douglas\OneDrive - Douglas College\Documents\Douglas PC\03 Programming\09 PHP\00 ToStudy\03ATM\ATM\index.php:28
Stack trace:
#0 {main}
  thrown in C:\Users\Douglas\OneDrive - Douglas College\Documents\Douglas PC\03 Programming\09 PHP\00 ToStudy\03ATM\ATM\index.php on line 28
[20-Dec-2024 03:39:15 Europe/Berlin] PHP Fatal error:  Uncaught Error: Cannot use object of type Withdrawal as array in C:\Users\Douglas\OneDrive - Douglas College\Documents\Douglas PC\03 Programming\09 PHP\00 ToStudy\03ATM\ATM\index.php:28
Stack trace:
#0 {main}
  thrown in C:\Users\Douglas\OneDrive - Douglas College\Documents\Douglas PC\03 Programming\09 PHP\00 ToStudy\03ATM\ATM\index.php on line 28
[20-Dec-2024 03:39:26 Europe/Berlin] PHP Fatal error:  Uncaught Error: Cannot use object of type Withdrawal as array in C:\Users\Douglas\OneDrive - Douglas College\Documents\Douglas PC\03 Programming\09 PHP\00 ToStudy\03ATM\ATM\index.php:28
Stack trace:
#0 {main}
  thrown in C:\Users\Douglas\OneDrive - Douglas College\Documents\Douglas PC\03 Programming\09 PHP\00 ToStudy\03ATM\ATM\index.php on line 28
[20-Dec-2024 03:39:30 Europe/Berlin] PHP Fatal error:  Uncaught Error: Cannot use object of type Withdrawal as array in C:\Users\Douglas\OneDrive - Douglas College\Documents\Douglas PC\03 Programming\09 PHP\00 ToStudy\03ATM\ATM\index.php:28
Stack trace:
#0 {main}
  thrown in C:\Users\Douglas\OneDrive - Douglas College\Documents\Douglas PC\03 Programming\09 PHP\00 ToStudy\03ATM\ATM\index.php on line 28
[20-Dec-2024 03:39:34 Europe/Berlin] PHP Warning:  foreach() argument must be of type array|object, int given in C:\Users\Douglas\OneDrive - Douglas College\Documents\Douglas PC\03 Programming\09 PHP\00 ToStudy\03ATM\ATM\inc\Entity\Page.php on line 23
[20-Dec-2024 03:40:25 Europe/Berlin] PHP Warning:  foreach() argument must be of type array|object, int given in C:\Users\Douglas\OneDrive - Douglas College\Documents\Douglas PC\03 Programming\09 PHP\00 ToStudy\03ATM\ATM\inc\Entity\Page.php on line 23
[20-Dec-2024 03:40:41 Europe/Berlin] PHP Fatal error:  Uncaught Error: Cannot use object of type Income as array in C:\Users\Douglas\OneDrive - Douglas College\Documents\Douglas PC\03 Programming\09 PHP\00 ToStudy\03ATM\ATM\index.php:29
Stack trace:
#0 {main}
  thrown in C:\Users\Douglas\OneDrive - Douglas College\Documents\Douglas PC\03 Programming\09 PHP\00 ToStudy\03ATM\ATM\index.php on line 29
[20-Dec-2024 03:41:00 Europe/Berlin] PHP Fatal error:  Uncaught Error: Cannot use object of type Income as array in C:\Users\Douglas\OneDrive - Douglas College\Documents\Douglas PC\03 Programming\09 PHP\00 ToStudy\03ATM\ATM\index.php:29
Stack trace:
#0 {main}
  thrown in C:\Users\Douglas\OneDrive - Douglas College\Documents\Douglas PC\03 Programming\09 PHP\00 ToStudy\03ATM\ATM\index.php on line 29
[20-Dec-2024 03:41:07 Europe/Berlin] PHP Warning:  foreach() argument must be of type array|object, int given in C:\Users\Douglas\OneDrive - Douglas College\Documents\Douglas PC\03 Programming\09 PHP\00 ToStudy\03ATM\ATM\inc\Entity\Page.php on line 23
[20-Dec-2024 03:41:21 Europe/Berlin] PHP Warning:  foreach() argument must be of type array|object, int given in C:\Users\Douglas\OneDrive - Douglas College\Documents\Douglas PC\03 Programming\09 PHP\00 ToStudy\03ATM\ATM\inc\Entity\Page.php on line 23
[20-Dec-2024 03:41:55 Europe/Berlin] PHP Warning:  foreach() argument must be of type array|object, int given in C:\Users\Douglas\OneDrive - Douglas College\Documents\Douglas PC\03 Programming\09 PHP\00 ToStudy\03ATM\ATM\inc\Entity\Page.php on line 23
[20-Dec-2024 03:42:09 Europe/Berlin] PHP Fatal error:  Uncaught Error: Cannot use object of type Income as array in C:\Users\Douglas\OneDrive - Douglas College\Documents\Douglas PC\03 Programming\09 PHP\00 ToStudy\03ATM\ATM\index.php:29
Stack trace:
#0 {main}
  thrown in C:\Users\Douglas\OneDrive - Douglas College\Documents\Douglas PC\03 Programming\09 PHP\00 ToStudy\03ATM\ATM\index.php on line 29
[20-Dec-2024 03:42:20 Europe/Berlin] PHP Warning:  foreach() argument must be of type array|object, int given in C:\Users\Douglas\OneDrive - Douglas College\Documents\Douglas PC\03 Programming\09 PHP\00 ToStudy\03ATM\ATM\inc\Entity\Page.php on line 23
[20-Dec-2024 03:42:55 Europe/Berlin] PHP Warning:  foreach() argument must be of type array|object, int given in C:\Users\Douglas\OneDrive - Douglas College\Documents\Douglas PC\03 Programming\09 PHP\00 ToStudy\03ATM\ATM\inc\Entity\Page.php on line 23
[20-Dec-2024 03:44:17 Europe/Berlin] PHP Fatal error:  Uncaught TypeError: array_count_values(): Argument #1 ($array) must be of type array, Income given in C:\Users\Douglas\OneDrive - Douglas College\Documents\Douglas PC\03 Programming\09 PHP\00 ToStudy\03ATM\ATM\index.php:29
Stack trace:
#0 C:\Users\Douglas\OneDrive - Douglas College\Documents\Douglas PC\03 Programming\09 PHP\00 ToStudy\03ATM\ATM\index.php(29): array_count_values(Object(Income))
#1 {main}
  thrown in C:\Users\Douglas\OneDrive - Douglas College\Documents\Douglas PC\03 Programming\09 PHP\00 ToStudy\03ATM\ATM\index.php on line 29
[20-Dec-2024 03:44:32 Europe/Berlin] PHP Fatal error:  Uncaught TypeError: array_values(): Argument #1 ($array) must be of type array, Income given in C:\Users\Douglas\OneDrive - Douglas College\Documents\Douglas PC\03 Programming\09 PHP\00 ToStudy\03ATM\ATM\index.php:29
Stack trace:
#0 C:\Users\Douglas\OneDrive - Douglas College\Documents\Douglas PC\03 Programming\09 PHP\00 ToStudy\03ATM\ATM\index.php(29): array_values(Object(Income))
#1 {main}
  thrown in C:\Users\Douglas\OneDrive - Douglas College\Documents\Douglas PC\03 Programming\09 PHP\00 ToStudy\03ATM\ATM\index.php on line 29
[20-Dec-2024 03:44:35 Europe/Berlin] PHP Fatal error:  Uncaught TypeError: array_values(): Argument #1 ($array) must be of type array, Income given in C:\Users\Douglas\OneDrive - Douglas College\Documents\Douglas PC\03 Programming\09 PHP\00 ToStudy\03ATM\ATM\index.php:29
Stack trace:
#0 C:\Users\Douglas\OneDrive - Douglas College\Documents\Douglas PC\03 Programming\09 PHP\00 ToStudy\03ATM\ATM\index.php(29): array_values(Object(Income))
#1 {main}
  thrown in C:\Users\Douglas\OneDrive - Douglas College\Documents\Douglas PC\03 Programming\09 PHP\00 ToStudy\03ATM\ATM\index.php on line 29
[20-Dec-2024 03:44:46 Europe/Berlin] PHP Fatal error:  Uncaught TypeError: array_values(): Argument #1 ($array) must be of type array, Income given in C:\Users\Douglas\OneDrive - Douglas College\Documents\Douglas PC\03 Programming\09 PHP\00 ToStudy\03ATM\ATM\index.php:29
Stack trace:
#0 C:\Users\Douglas\OneDrive - Douglas College\Documents\Douglas PC\03 Programming\09 PHP\00 ToStudy\03ATM\ATM\index.php(29): array_values(Object(Income))
#1 {main}
  thrown in C:\Users\Douglas\OneDrive - Douglas College\Documents\Douglas PC\03 Programming\09 PHP\00 ToStudy\03ATM\ATM\index.php on line 29
[20-Dec-2024 03:44:53 Europe/Berlin] PHP Warning:  foreach() argument must be of type array|object, int given in C:\Users\Douglas\OneDrive - Douglas College\Documents\Douglas PC\03 Programming\09 PHP\00 ToStudy\03ATM\ATM\inc\Entity\Page.php on line 23
[20-Dec-2024 04:04:58 Europe/Berlin] PHP Fatal error:  Uncaught Error: Call to undefined method Income::getIncomes() in C:\Users\Douglas\OneDrive - Douglas College\Documents\Douglas PC\03 Programming\09 PHP\00 ToStudy\03ATM\ATM\inc\Entity\Page.php:24
Stack trace:
#0 C:\Users\Douglas\OneDrive - Douglas College\Documents\Douglas PC\03 Programming\09 PHP\00 ToStudy\03ATM\ATM\index.php(31): Page::header(Array)
#1 {main}
  thrown in C:\Users\Douglas\OneDrive - Douglas College\Documents\Douglas PC\03 Programming\09 PHP\00 ToStudy\03ATM\ATM\inc\Entity\Page.php on line 24
[20-Dec-2024 04:12:46 Europe/Berlin] PHP Fatal error:  Uncaught TypeError: array_values(): Argument #1 ($array) must be of type array, Income given in C:\Users\Douglas\OneDrive - Douglas College\Documents\Douglas PC\03 Programming\09 PHP\00 ToStudy\03ATM\ATM\index.php:28
Stack trace:
#0 C:\Users\Douglas\OneDrive - Douglas College\Documents\Douglas PC\03 Programming\09 PHP\00 ToStudy\03ATM\ATM\index.php(28): array_values(Object(Income))
#1 {main}
  thrown in C:\Users\Douglas\OneDrive - Douglas College\Documents\Douglas PC\03 Programming\09 PHP\00 ToStudy\03ATM\ATM\index.php on line 28
[20-Dec-2024 04:15:28 Europe/Berlin] PHP Fatal error:  Uncaught Error: Call to a member function getAmount() on float in C:\Users\Douglas\OneDrive - Douglas College\Documents\Douglas PC\03 Programming\09 PHP\00 ToStudy\03ATM\ATM\inc\Entity\Page.php:24
Stack trace:
#0 C:\Users\Douglas\OneDrive - Douglas College\Documents\Douglas PC\03 Programming\09 PHP\00 ToStudy\03ATM\ATM\index.php(31): Page::header(Object(Income))
#1 {main}
  thrown in C:\Users\Douglas\OneDrive - Douglas College\Documents\Douglas PC\03 Programming\09 PHP\00 ToStudy\03ATM\ATM\inc\Entity\Page.php on line 24
[20-Dec-2024 04:16:33 Europe/Berlin] PHP Fatal error:  Uncaught TypeError: array_values(): Argument #1 ($array) must be of type array, Income given in C:\Users\Douglas\OneDrive - Douglas College\Documents\Douglas PC\03 Programming\09 PHP\00 ToStudy\03ATM\ATM\index.php:28
Stack trace:
#0 C:\Users\Douglas\OneDrive - Douglas College\Documents\Douglas PC\03 Programming\09 PHP\00 ToStudy\03ATM\ATM\index.php(28): array_values(Object(Income))
#1 {main}
  thrown in C:\Users\Douglas\OneDrive - Douglas College\Documents\Douglas PC\03 Programming\09 PHP\00 ToStudy\03ATM\ATM\index.php on line 28
[20-Dec-2024 04:16:43 Europe/Berlin] PHP Fatal error:  Uncaught TypeError: Page::header(): Argument #1 ($incomes) must be of type Income, array given, called in C:\Users\Douglas\OneDrive - Douglas College\Documents\Douglas PC\03 Programming\09 PHP\00 ToStudy\03ATM\ATM\index.php on line 31 and defined in C:\Users\Douglas\OneDrive - Douglas College\Documents\Douglas PC\03 Programming\09 PHP\00 ToStudy\03ATM\ATM\inc\Entity\Page.php:5
Stack trace:
#0 C:\Users\Douglas\OneDrive - Douglas College\Documents\Douglas PC\03 Programming\09 PHP\00 ToStudy\03ATM\ATM\index.php(31): Page::header(Array)
#1 {main}
  thrown in C:\Users\Douglas\OneDrive - Douglas College\Documents\Douglas PC\03 Programming\09 PHP\00 ToStudy\03ATM\ATM\inc\Entity\Page.php on line 5
[20-Dec-2024 04:17:32 Europe/Berlin] PHP Fatal error:  Uncaught TypeError: Page::header(): Argument #1 ($incomes) must be of type Income, array given, called in C:\Users\Douglas\OneDrive - Douglas College\Documents\Douglas PC\03 Programming\09 PHP\00 ToStudy\03ATM\ATM\index.php on line 31 and defined in C:\Users\Douglas\OneDrive - Douglas College\Documents\Douglas PC\03 Programming\09 PHP\00 ToStudy\03ATM\ATM\inc\Entity\Page.php:5
Stack trace:
#0 C:\Users\Douglas\OneDrive - Douglas College\Documents\Douglas PC\03 Programming\09 PHP\00 ToStudy\03ATM\ATM\index.php(31): Page::header(Array)
#1 {main}
  thrown in C:\Users\Douglas\OneDrive - Douglas College\Documents\Douglas PC\03 Programming\09 PHP\00 ToStudy\03ATM\ATM\inc\Entity\Page.php on line 5
[20-Dec-2024 04:18:06 Europe/Berlin] PHP Fatal error:  Uncaught TypeError: array_values(): Argument #1 ($array) must be of type array, Income given in C:\Users\Douglas\OneDrive - Douglas College\Documents\Douglas PC\03 Programming\09 PHP\00 ToStudy\03ATM\ATM\index.php:28
Stack trace:
#0 C:\Users\Douglas\OneDrive - Douglas College\Documents\Douglas PC\03 Programming\09 PHP\00 ToStudy\03ATM\ATM\index.php(28): array_values(Object(Income))
#1 {main}
  thrown in C:\Users\Douglas\OneDrive - Douglas College\Documents\Douglas PC\03 Programming\09 PHP\00 ToStudy\03ATM\ATM\index.php on line 28
[20-Dec-2024 04:18:07 Europe/Berlin] PHP Fatal error:  Uncaught TypeError: array_values(): Argument #1 ($array) must be of type array, Income given in C:\Users\Douglas\OneDrive - Douglas College\Documents\Douglas PC\03 Programming\09 PHP\00 ToStudy\03ATM\ATM\index.php:28
Stack trace:
#0 C:\Users\Douglas\OneDrive - Douglas College\Documents\Douglas PC\03 Programming\09 PHP\00 ToStudy\03ATM\ATM\index.php(28): array_values(Object(Income))
#1 {main}
  thrown in C:\Users\Douglas\OneDrive - Douglas College\Documents\Douglas PC\03 Programming\09 PHP\00 ToStudy\03ATM\ATM\index.php on line 28
[20-Dec-2024 04:18:25 Europe/Berlin] PHP Warning:  Undefined variable $income in C:\Users\Douglas\OneDrive - Douglas College\Documents\Douglas PC\03 Programming\09 PHP\00 ToStudy\03ATM\ATM\inc\Entity\Page.php on line 24
[20-Dec-2024 04:18:25 Europe/Berlin] PHP Fatal error:  Uncaught Error: Call to a member function getAmount() on null in C:\Users\Douglas\OneDrive - Douglas College\Documents\Douglas PC\03 Programming\09 PHP\00 ToStudy\03ATM\ATM\inc\Entity\Page.php:24
Stack trace:
#0 C:\Users\Douglas\OneDrive - Douglas College\Documents\Douglas PC\03 Programming\09 PHP\00 ToStudy\03ATM\ATM\index.php(31): Page::header(Object(Income))
#1 {main}
  thrown in C:\Users\Douglas\OneDrive - Douglas College\Documents\Douglas PC\03 Programming\09 PHP\00 ToStudy\03ATM\ATM\inc\Entity\Page.php on line 24
[20-Dec-2024 04:18:47 Europe/Berlin] PHP Warning:  Undefined variable $income in C:\Users\Douglas\OneDrive - Douglas College\Documents\Douglas PC\03 Programming\09 PHP\00 ToStudy\03ATM\ATM\inc\Entity\Page.php on line 24
[20-Dec-2024 04:18:47 Europe/Berlin] PHP Fatal error:  Uncaught Error: Call to a member function getAmount() on null in C:\Users\Douglas\OneDrive - Douglas College\Documents\Douglas PC\03 Programming\09 PHP\00 ToStudy\03ATM\ATM\inc\Entity\Page.php:24
Stack trace:
#0 C:\Users\Douglas\OneDrive - Douglas College\Documents\Douglas PC\03 Programming\09 PHP\00 ToStudy\03ATM\ATM\index.php(31): Page::header(Object(Income))
#1 {main}
  thrown in C:\Users\Douglas\OneDrive - Douglas College\Documents\Douglas PC\03 Programming\09 PHP\00 ToStudy\03ATM\ATM\inc\Entity\Page.php on line 24
[20-Dec-2024 04:23:10 Europe/Berlin] PHP Fatal error:  Uncaught Error: Call to a member function getAmount() on float in C:\Users\Douglas\OneDrive - Douglas College\Documents\Douglas PC\03 Programming\09 PHP\00 ToStudy\03ATM\ATM\inc\Entity\Page.php:24
Stack trace:
#0 C:\Users\Douglas\OneDrive - Douglas College\Documents\Douglas PC\03 Programming\09 PHP\00 ToStudy\03ATM\ATM\index.php(32): Page::header(Object(Income))
#1 {main}
  thrown in C:\Users\Douglas\OneDrive - Douglas College\Documents\Douglas PC\03 Programming\09 PHP\00 ToStudy\03ATM\ATM\inc\Entity\Page.php on line 24
[20-Dec-2024 04:27:44 Europe/Berlin] PHP Fatal error:  Uncaught Error: Call to a member function getAmount() on float in C:\Users\Douglas\OneDrive - Douglas College\Documents\Douglas PC\03 Programming\09 PHP\00 ToStudy\03ATM\ATM\inc\Entity\Page.php:24
Stack trace:
#0 C:\Users\Douglas\OneDrive - Douglas College\Documents\Douglas PC\03 Programming\09 PHP\00 ToStudy\03ATM\ATM\index.php(32): Page::header(Object(Income))
#1 {main}
  thrown in C:\Users\Douglas\OneDrive - Douglas College\Documents\Douglas PC\03 Programming\09 PHP\00 ToStudy\03ATM\ATM\inc\Entity\Page.php on line 24
[20-Dec-2024 04:29:02 Europe/Berlin] PHP Fatal error:  Uncaught Error: Call to a member function getAmount() on float in C:\Users\Douglas\OneDrive - Douglas College\Documents\Douglas PC\03 Programming\09 PHP\00 ToStudy\03ATM\ATM\inc\Entity\Page.php:24
Stack trace:
#0 C:\Users\Douglas\OneDrive - Douglas College\Documents\Douglas PC\03 Programming\09 PHP\00 ToStudy\03ATM\ATM\index.php(32): Page::header(Object(Income))
#1 {main}
  thrown in C:\Users\Douglas\OneDrive - Douglas College\Documents\Douglas PC\03 Programming\09 PHP\00 ToStudy\03ATM\ATM\inc\Entity\Page.php on line 24
[20-Dec-2024 04:33:18 Europe/Berlin] PHP Fatal error:  Uncaught Error: Call to a member function getAmount() on array in C:\Users\Douglas\OneDrive - Douglas College\Documents\Douglas PC\03 Programming\09 PHP\00 ToStudy\03ATM\ATM\index.php:29
Stack trace:
#0 {main}
  thrown in C:\Users\Douglas\OneDrive - Douglas College\Documents\Douglas PC\03 Programming\09 PHP\00 ToStudy\03ATM\ATM\index.php on line 29
[20-Dec-2024 04:33:27 Europe/Berlin] PHP Fatal error:  Uncaught TypeError: Page::header(): Argument #1 ($incomes) must be of type Income, array given, called in C:\Users\Douglas\OneDrive - Douglas College\Documents\Douglas PC\03 Programming\09 PHP\00 ToStudy\03ATM\ATM\index.php on line 32 and defined in C:\Users\Douglas\OneDrive - Douglas College\Documents\Douglas PC\03 Programming\09 PHP\00 ToStudy\03ATM\ATM\inc\Entity\Page.php:5
Stack trace:
#0 C:\Users\Douglas\OneDrive - Douglas College\Documents\Douglas PC\03 Programming\09 PHP\00 ToStudy\03ATM\ATM\index.php(32): Page::header(Array)
#1 {main}
  thrown in C:\Users\Douglas\OneDrive - Douglas College\Documents\Douglas PC\03 Programming\09 PHP\00 ToStudy\03ATM\ATM\inc\Entity\Page.php on line 5
[20-Dec-2024 04:33:54 Europe/Berlin] PHP Fatal error:  Uncaught TypeError: Page::header(): Argument #1 ($incomes) must be of type Income, array given, called in C:\Users\Douglas\OneDrive - Douglas College\Documents\Douglas PC\03 Programming\09 PHP\00 ToStudy\03ATM\ATM\index.php on line 32 and defined in C:\Users\Douglas\OneDrive - Douglas College\Documents\Douglas PC\03 Programming\09 PHP\00 ToStudy\03ATM\ATM\inc\Entity\Page.php:5
Stack trace:
#0 C:\Users\Douglas\OneDrive - Douglas College\Documents\Douglas PC\03 Programming\09 PHP\00 ToStudy\03ATM\ATM\index.php(32): Page::header(Array)
#1 {main}
  thrown in C:\Users\Douglas\OneDrive - Douglas College\Documents\Douglas PC\03 Programming\09 PHP\00 ToStudy\03ATM\ATM\inc\Entity\Page.php on line 5
[20-Dec-2024 04:50:25 Europe/Berlin] PHP Fatal error:  Uncaught Error: Undefined constant "income" in C:\Users\Douglas\OneDrive - Douglas College\Documents\Douglas PC\03 Programming\09 PHP\00 ToStudy\03ATM\ATM\index.php:31
Stack trace:
#0 {main}
  thrown in C:\Users\Douglas\OneDrive - Douglas College\Documents\Douglas PC\03 Programming\09 PHP\00 ToStudy\03ATM\ATM\index.php on line 31
[20-Dec-2024 06:03:55 Europe/Berlin] PHP Warning:  Undefined variable $totalIncome in C:\Users\Douglas\OneDrive - Douglas College\Documents\Douglas PC\03 Programming\09 PHP\00 ToStudy\03ATM\ATM\index.php on line 30
[20-Dec-2024 06:03:55 Europe/Berlin] PHP Warning:  Undefined variable $totalWithdrawals in C:\Users\Douglas\OneDrive - Douglas College\Documents\Douglas PC\03 Programming\09 PHP\00 ToStudy\03ATM\ATM\index.php on line 33
[20-Dec-2024 06:19:24 Europe/Berlin] PHP Fatal error:  Uncaught Error: Call to a member function prepare() on null in C:\Users\Douglas\OneDrive - Douglas College\Documents\Douglas PC\03 Programming\09 PHP\00 ToStudy\03ATM\ATM\inc\Utility\PDOService.class.php:47
Stack trace:
#0 C:\Users\Douglas\OneDrive - Douglas College\Documents\Douglas PC\03 Programming\09 PHP\00 ToStudy\03ATM\ATM\inc\Utility\IncomeDAO.class.php(41): PDOService->query('SELECT * FROM i...')
#1 C:\Users\Douglas\OneDrive - Douglas College\Documents\Douglas PC\03 Programming\09 PHP\00 ToStudy\03ATM\ATM\index.php(21): IncomeDAO::getIncomes()
#2 {main}
  thrown in C:\Users\Douglas\OneDrive - Douglas College\Documents\Douglas PC\03 Programming\09 PHP\00 ToStudy\03ATM\ATM\inc\Utility\PDOService.class.php on line 47
[20-Dec-2024 06:35:11 Europe/Berlin] PHP Warning:  Undefined array key "action" in C:\Users\Douglas\OneDrive - Douglas College\Documents\Douglas PC\03 Programming\09 PHP\00 ToStudy\03ATM\ATM\index.php on line 42
[20-Dec-2024 06:37:09 Europe/Berlin] PHP Warning:  Undefined array key "deposit" in C:\Users\Douglas\OneDrive - Douglas College\Documents\Douglas PC\03 Programming\09 PHP\00 ToStudy\03ATM\ATM\index.php on line 42
[20-Dec-2024 06:44:49 Europe/Berlin] PHP Warning:  Undefined array key "deposit" in C:\Users\Douglas\OneDrive - Douglas College\Documents\Douglas PC\03 Programming\09 PHP\00 ToStudy\03ATM\ATM\index.php on line 42
[20-Dec-2024 06:45:08 Europe/Berlin] PHP Warning:  Undefined array key "deposit" in C:\Users\Douglas\OneDrive - Douglas College\Documents\Douglas PC\03 Programming\09 PHP\00 ToStudy\03ATM\ATM\index.php on line 42
[20-Dec-2024 06:45:45 Europe/Berlin] PHP Warning:  Undefined array key "deposit" in C:\Users\Douglas\OneDrive - Douglas College\Documents\Douglas PC\03 Programming\09 PHP\00 ToStudy\03ATM\ATM\index.php on line 42
[20-Dec-2024 06:46:35 Europe/Berlin] PHP Warning:  Undefined array key "deposit" in C:\Users\Douglas\OneDrive - Douglas College\Documents\Douglas PC\03 Programming\09 PHP\00 ToStudy\03ATM\ATM\index.php on line 42
[20-Dec-2024 06:57:50 Europe/Berlin] PHP Warning:  Undefined array key "deposit" in C:\Users\Douglas\OneDrive - Douglas College\Documents\Douglas PC\03 Programming\09 PHP\00 ToStudy\03ATM\ATM\index.php on line 43
[20-Dec-2024 06:58:56 Europe/Berlin] PHP Warning:  Undefined array key "deposit" in C:\Users\Douglas\OneDrive - Douglas College\Documents\Douglas PC\03 Programming\09 PHP\00 ToStudy\03ATM\ATM\index.php on line 44
[20-Dec-2024 07:00:04 Europe/Berlin] PHP Warning:  Undefined array key "deposit" in C:\Users\Douglas\OneDrive - Douglas College\Documents\Douglas PC\03 Programming\09 PHP\00 ToStudy\03ATM\ATM\index.php on line 44
[20-Dec-2024 07:00:32 Europe/Berlin] PHP Warning:  Undefined array key "deposit" in C:\Users\Douglas\OneDrive - Douglas College\Documents\Douglas PC\03 Programming\09 PHP\00 ToStudy\03ATM\ATM\index.php on line 44
[20-Dec-2024 07:00:34 Europe/Berlin] PHP Warning:  Undefined array key "deposit" in C:\Users\Douglas\OneDrive - Douglas College\Documents\Douglas PC\03 Programming\09 PHP\00 ToStudy\03ATM\ATM\index.php on line 44
[20-Dec-2024 07:07:09 Europe/Berlin] PHP Warning:  Undefined array key "action" in C:\Users\Douglas\OneDrive - Douglas College\Documents\Douglas PC\03 Programming\09 PHP\00 ToStudy\03ATM\ATM\index.php on line 44
[20-Dec-2024 07:07:11 Europe/Berlin] PHP Warning:  Undefined array key "action" in C:\Users\Douglas\OneDrive - Douglas College\Documents\Douglas PC\03 Programming\09 PHP\00 ToStudy\03ATM\ATM\index.php on line 44
[20-Dec-2024 07:07:50 Europe/Berlin] PHP Warning:  Undefined array key "action" in C:\Users\Douglas\OneDrive - Douglas College\Documents\Douglas PC\03 Programming\09 PHP\00 ToStudy\03ATM\ATM\index.php on line 44
[20-Dec-2024 07:09:12 Europe/Berlin] PHP Warning:  Undefined array key "action" in C:\Users\Douglas\OneDrive - Douglas College\Documents\Douglas PC\03 Programming\09 PHP\00 ToStudy\03ATM\ATM\index.php on line 44
[20-Dec-2024 07:09:14 Europe/Berlin] PHP Warning:  Undefined array key "action" in C:\Users\Douglas\OneDrive - Douglas College\Documents\Douglas PC\03 Programming\09 PHP\00 ToStudy\03ATM\ATM\index.php on line 44
[20-Dec-2024 07:09:38 Europe/Berlin] PHP Warning:  Undefined array key "action" in C:\Users\Douglas\OneDrive - Douglas College\Documents\Douglas PC\03 Programming\09 PHP\00 ToStudy\03ATM\ATM\index.php on line 42
[20-Dec-2024 07:09:40 Europe/Berlin] PHP Warning:  Undefined array key "action" in C:\Users\Douglas\OneDrive - Douglas College\Documents\Douglas PC\03 Programming\09 PHP\00 ToStudy\03ATM\ATM\index.php on line 42
[20-Dec-2024 07:09:41 Europe/Berlin] PHP Warning:  Undefined array key "action" in C:\Users\Douglas\OneDrive - Douglas College\Documents\Douglas PC\03 Programming\09 PHP\00 ToStudy\03ATM\ATM\index.php on line 42
[20-Dec-2024 07:09:41 Europe/Berlin] PHP Warning:  Undefined array key "action" in C:\Users\Douglas\OneDrive - Douglas College\Documents\Douglas PC\03 Programming\09 PHP\00 ToStudy\03ATM\ATM\index.php on line 42
[20-Dec-2024 07:09:41 Europe/Berlin] PHP Warning:  Undefined array key "action" in C:\Users\Douglas\OneDrive - Douglas College\Documents\Douglas PC\03 Programming\09 PHP\00 ToStudy\03ATM\ATM\index.php on line 42
[20-Dec-2024 07:14:31 Europe/Berlin] PHP Warning:  Undefined array key "action" in C:\Users\Douglas\OneDrive - Douglas College\Documents\Douglas PC\03 Programming\09 PHP\00 ToStudy\03ATM\ATM\index.php on line 42
[20-Dec-2024 07:14:33 Europe/Berlin] PHP Warning:  Undefined array key "action" in C:\Users\Douglas\OneDrive - Douglas College\Documents\Douglas PC\03 Programming\09 PHP\00 ToStudy\03ATM\ATM\index.php on line 42
[20-Dec-2024 07:14:52 Europe/Berlin] PHP Warning:  Undefined array key "action" in C:\Users\Douglas\OneDrive - Douglas College\Documents\Douglas PC\03 Programming\09 PHP\00 ToStudy\03ATM\ATM\index.php on line 42
[20-Dec-2024 07:14:52 Europe/Berlin] PHP Warning:  Undefined array key "action" in C:\Users\Douglas\OneDrive - Douglas College\Documents\Douglas PC\03 Programming\09 PHP\00 ToStudy\03ATM\ATM\index.php on line 51
[20-Dec-2024 07:14:58 Europe/Berlin] PHP Warning:  Undefined array key "action" in C:\Users\Douglas\OneDrive - Douglas College\Documents\Douglas PC\03 Programming\09 PHP\00 ToStudy\03ATM\ATM\index.php on line 42
[20-Dec-2024 07:14:58 Europe/Berlin] PHP Warning:  Undefined array key "action" in C:\Users\Douglas\OneDrive - Douglas College\Documents\Douglas PC\03 Programming\09 PHP\00 ToStudy\03ATM\ATM\index.php on line 51
[20-Dec-2024 07:14:59 Europe/Berlin] PHP Warning:  Undefined array key "action" in C:\Users\Douglas\OneDrive - Douglas College\Documents\Douglas PC\03 Programming\09 PHP\00 ToStudy\03ATM\ATM\index.php on line 42
[20-Dec-2024 07:14:59 Europe/Berlin] PHP Warning:  Undefined array key "action" in C:\Users\Douglas\OneDrive - Douglas College\Documents\Douglas PC\03 Programming\09 PHP\00 ToStudy\03ATM\ATM\index.php on line 51
[20-Dec-2024 07:14:59 Europe/Berlin] PHP Warning:  Undefined array key "action" in C:\Users\Douglas\OneDrive - Douglas College\Documents\Douglas PC\03 Programming\09 PHP\00 ToStudy\03ATM\ATM\index.php on line 42
[20-Dec-2024 07:14:59 Europe/Berlin] PHP Warning:  Undefined array key "action" in C:\Users\Douglas\OneDrive - Douglas College\Documents\Douglas PC\03 Programming\09 PHP\00 ToStudy\03ATM\ATM\index.php on line 51
[20-Dec-2024 07:15:34 Europe/Berlin] PHP Warning:  Undefined array key "action" in C:\Users\Douglas\OneDrive - Douglas College\Documents\Douglas PC\03 Programming\09 PHP\00 ToStudy\03ATM\ATM\index.php on line 42
[20-Dec-2024 07:15:34 Europe/Berlin] PHP Warning:  Undefined array key "action" in C:\Users\Douglas\OneDrive - Douglas College\Documents\Douglas PC\03 Programming\09 PHP\00 ToStudy\03ATM\ATM\index.php on line 51
[20-Dec-2024 07:15:36 Europe/Berlin] PHP Warning:  Undefined array key "Deposit" in C:\Users\Douglas\OneDrive - Douglas College\Documents\Douglas PC\03 Programming\09 PHP\00 ToStudy\03ATM\ATM\index.php on line 44
[20-Dec-2024 07:15:53 Europe/Berlin] PHP Warning:  Undefined array key "Deposit" in C:\Users\Douglas\OneDrive - Douglas College\Documents\Douglas PC\03 Programming\09 PHP\00 ToStudy\03ATM\ATM\index.php on line 44
[20-Dec-2024 07:15:57 Europe/Berlin] PHP Warning:  Undefined array key "Deposit" in C:\Users\Douglas\OneDrive - Douglas College\Documents\Douglas PC\03 Programming\09 PHP\00 ToStudy\03ATM\ATM\index.php on line 44
[20-Dec-2024 07:16:14 Europe/Berlin] PHP Warning:  Undefined array key "deposit" in C:\Users\Douglas\OneDrive - Douglas College\Documents\Douglas PC\03 Programming\09 PHP\00 ToStudy\03ATM\ATM\index.php on line 44
[20-Dec-2024 07:16:19 Europe/Berlin] PHP Warning:  Undefined array key "deposit" in C:\Users\Douglas\OneDrive - Douglas College\Documents\Douglas PC\03 Programming\09 PHP\00 ToStudy\03ATM\ATM\index.php on line 44
[20-Dec-2024 07:16:20 Europe/Berlin] PHP Warning:  Undefined array key "deposit" in C:\Users\Douglas\OneDrive - Douglas College\Documents\Douglas PC\03 Programming\09 PHP\00 ToStudy\03ATM\ATM\index.php on line 44
[20-Dec-2024 07:17:11 Europe/Berlin] PHP Warning:  Undefined array key "deposit" in C:\Users\Douglas\OneDrive - Douglas College\Documents\Douglas PC\03 Programming\09 PHP\00 ToStudy\03ATM\ATM\index.php on line 44
[20-Dec-2024 07:19:24 Europe/Berlin] PHP Warning:  Undefined array key "Deposit" in C:\Users\Douglas\OneDrive - Douglas College\Documents\Douglas PC\03 Programming\09 PHP\00 ToStudy\03ATM\ATM\index.php on line 44
[20-Dec-2024 07:19:33 Europe/Berlin] PHP Warning:  Undefined array key "Deposit" in C:\Users\Douglas\OneDrive - Douglas College\Documents\Douglas PC\03 Programming\09 PHP\00 ToStudy\03ATM\ATM\index.php on line 44
[20-Dec-2024 07:30:43 Europe/Berlin] PHP Warning:  Undefined array key "deposit" in C:\Users\Douglas\OneDrive - Douglas College\Documents\Douglas PC\03 Programming\09 PHP\00 ToStudy\03ATM\ATM\index.php on line 51
[20-Dec-2024 07:30:48 Europe/Berlin] PHP Warning:  Undefined array key "deposit" in C:\Users\Douglas\OneDrive - Douglas College\Documents\Douglas PC\03 Programming\09 PHP\00 ToStudy\03ATM\ATM\index.php on line 51
[20-Dec-2024 07:31:55 Europe/Berlin] PHP Warning:  Undefined array key "deposit" in C:\Users\Douglas\OneDrive - Douglas College\Documents\Douglas PC\03 Programming\09 PHP\00 ToStudy\03ATM\ATM\index.php on line 51
[20-Dec-2024 07:32:10 Europe/Berlin] PHP Warning:  Undefined array key "deposit" in C:\Users\Douglas\OneDrive - Douglas College\Documents\Douglas PC\03 Programming\09 PHP\00 ToStudy\03ATM\ATM\index.php on line 51
[20-Dec-2024 07:32:30 Europe/Berlin] PHP Warning:  Undefined array key "deposit" in C:\Users\Douglas\OneDrive - Douglas College\Documents\Douglas PC\03 Programming\09 PHP\00 ToStudy\03ATM\ATM\index.php on line 51
[20-Dec-2024 07:32:34 Europe/Berlin] PHP Warning:  Undefined array key "deposit" in C:\Users\Douglas\OneDrive - Douglas College\Documents\Douglas PC\03 Programming\09 PHP\00 ToStudy\03ATM\ATM\index.php on line 51
[20-Dec-2024 07:34:45 Europe/Berlin] PHP Warning:  Undefined array key "action" in C:\Users\Douglas\OneDrive - Douglas College\Documents\Douglas PC\03 Programming\09 PHP\00 ToStudy\03ATM\ATM\index.php on line 44
[20-Dec-2024 09:15:02 Europe/Berlin] PHP Fatal error:  Uncaught ArgumentCountError: Too few arguments to function IncomeDAO::createIncome(), 0 passed in C:\Users\Douglas\OneDrive - Douglas College\Documents\Douglas PC\03 Programming\09 PHP\00 ToStudy\03ATM\ATM\index.php on line 46 and exactly 1 expected in C:\Users\Douglas\OneDrive - Douglas College\Documents\Douglas PC\03 Programming\09 PHP\00 ToStudy\03ATM\ATM\inc\Utility\IncomeDAO.class.php:47
Stack trace:
#0 C:\Users\Douglas\OneDrive - Douglas College\Documents\Douglas PC\03 Programming\09 PHP\00 ToStudy\03ATM\ATM\index.php(46): IncomeDAO::createIncome()
#1 {main}
  thrown in C:\Users\Douglas\OneDrive - Douglas College\Documents\Douglas PC\03 Programming\09 PHP\00 ToStudy\03ATM\ATM\inc\Utility\IncomeDAO.class.php on line 47
[20-Dec-2024 09:15:57 Europe/Berlin] PHP Fatal error:  Uncaught Error: Call to undefined method PDOService::lastInsertedId() in C:\Users\Douglas\OneDrive - Douglas College\Documents\Douglas PC\03 Programming\09 PHP\00 ToStudy\03ATM\ATM\inc\Utility\IncomeDAO.class.php:59
Stack trace:
#0 C:\Users\Douglas\OneDrive - Douglas College\Documents\Douglas PC\03 Programming\09 PHP\00 ToStudy\03ATM\ATM\index.php(46): IncomeDAO::createIncome(Object(Income))
#1 {main}
  thrown in C:\Users\Douglas\OneDrive - Douglas College\Documents\Douglas PC\03 Programming\09 PHP\00 ToStudy\03ATM\ATM\inc\Utility\IncomeDAO.class.php on line 59
[20-Dec-2024 09:16:00 Europe/Berlin] PHP Fatal error:  Uncaught Error: Call to undefined method PDOService::lastInsertedId() in C:\Users\Douglas\OneDrive - Douglas College\Documents\Douglas PC\03 Programming\09 PHP\00 ToStudy\03ATM\ATM\inc\Utility\IncomeDAO.class.php:59
Stack trace:
#0 C:\Users\Douglas\OneDrive - Douglas College\Documents\Douglas PC\03 Programming\09 PHP\00 ToStudy\03ATM\ATM\index.php(46): IncomeDAO::createIncome(Object(Income))
#1 {main}
  thrown in C:\Users\Douglas\OneDrive - Douglas College\Documents\Douglas PC\03 Programming\09 PHP\00 ToStudy\03ATM\ATM\inc\Utility\IncomeDAO.class.php on line 59
[20-Dec-2024 09:31:27 Europe/Berlin] PHP Warning:  Undefined array key "action" in C:\Users\Douglas\OneDrive - Douglas College\Documents\Douglas PC\03 Programming\09 PHP\00 ToStudy\03ATM\ATM\index.php on line 41
[20-Dec-2024 09:31:27 Europe/Berlin] PHP Warning:  Undefined array key "action" in C:\Users\Douglas\OneDrive - Douglas College\Documents\Douglas PC\03 Programming\09 PHP\00 ToStudy\03ATM\ATM\index.php on line 48
[20-Dec-2024 09:31:53 Europe/Berlin] PHP Warning:  Undefined array key "action" in C:\Users\Douglas\OneDrive - Douglas College\Documents\Douglas PC\03 Programming\09 PHP\00 ToStudy\03ATM\ATM\index.php on line 41
[20-Dec-2024 09:31:53 Europe/Berlin] PHP Warning:  Undefined array key "action" in C:\Users\Douglas\OneDrive - Douglas College\Documents\Douglas PC\03 Programming\09 PHP\00 ToStudy\03ATM\ATM\index.php on line 48
[20-Dec-2024 09:32:01 Europe/Berlin] PHP Warning:  Undefined array key "action" in C:\Users\Douglas\OneDrive - Douglas College\Documents\Douglas PC\03 Programming\09 PHP\00 ToStudy\03ATM\ATM\index.php on line 41
[20-Dec-2024 09:32:01 Europe/Berlin] PHP Warning:  Undefined array key "action" in C:\Users\Douglas\OneDrive - Douglas College\Documents\Douglas PC\03 Programming\09 PHP\00 ToStudy\03ATM\ATM\index.php on line 48
[20-Dec-2024 09:32:03 Europe/Berlin] PHP Warning:  Undefined array key "action" in C:\Users\Douglas\OneDrive - Douglas College\Documents\Douglas PC\03 Programming\09 PHP\00 ToStudy\03ATM\ATM\index.php on line 41
[20-Dec-2024 09:32:03 Europe/Berlin] PHP Warning:  Undefined array key "action" in C:\Users\Douglas\OneDrive - Douglas College\Documents\Douglas PC\03 Programming\09 PHP\00 ToStudy\03ATM\ATM\index.php on line 48
[20-Dec-2024 09:32:04 Europe/Berlin] PHP Warning:  Undefined array key "action" in C:\Users\Douglas\OneDrive - Douglas College\Documents\Douglas PC\03 Programming\09 PHP\00 ToStudy\03ATM\ATM\index.php on line 41
[20-Dec-2024 09:32:04 Europe/Berlin] PHP Warning:  Undefined array key "action" in C:\Users\Douglas\OneDrive - Douglas College\Documents\Douglas PC\03 Programming\09 PHP\00 ToStudy\03ATM\ATM\index.php on line 48
[20-Dec-2024 09:32:11 Europe/Berlin] PHP Warning:  Undefined array key "action" in C:\Users\Douglas\OneDrive - Douglas College\Documents\Douglas PC\03 Programming\09 PHP\00 ToStudy\03ATM\ATM\index.php on line 41
[20-Dec-2024 09:32:11 Europe/Berlin] PHP Warning:  Undefined array key "action" in C:\Users\Douglas\OneDrive - Douglas College\Documents\Douglas PC\03 Programming\09 PHP\00 ToStudy\03ATM\ATM\index.php on line 48
[20-Dec-2024 09:32:14 Europe/Berlin] PHP Warning:  Undefined array key "action" in C:\Users\Douglas\OneDrive - Douglas College\Documents\Douglas PC\03 Programming\09 PHP\00 ToStudy\03ATM\ATM\index.php on line 41
[20-Dec-2024 09:32:14 Europe/Berlin] PHP Warning:  Undefined array key "action" in C:\Users\Douglas\OneDrive - Douglas College\Documents\Douglas PC\03 Programming\09 PHP\00 ToStudy\03ATM\ATM\index.php on line 48
[20-Dec-2024 09:32:18 Europe/Berlin] PHP Warning:  Undefined array key "action" in C:\Users\Douglas\OneDrive - Douglas College\Documents\Douglas PC\03 Programming\09 PHP\00 ToStudy\03ATM\ATM\index.php on line 41
[20-Dec-2024 09:32:18 Europe/Berlin] PHP Warning:  Undefined array key "action" in C:\Users\Douglas\OneDrive - Douglas College\Documents\Douglas PC\03 Programming\09 PHP\00 ToStudy\03ATM\ATM\index.php on line 48
[20-Dec-2024 09:32:18 Europe/Berlin] PHP Warning:  Undefined array key "action" in C:\Users\Douglas\OneDrive - Douglas College\Documents\Douglas PC\03 Programming\09 PHP\00 ToStudy\03ATM\ATM\index.php on line 41
[20-Dec-2024 09:32:18 Europe/Berlin] PHP Warning:  Undefined array key "action" in C:\Users\Douglas\OneDrive - Douglas College\Documents\Douglas PC\03 Programming\09 PHP\00 ToStudy\03ATM\ATM\index.php on line 48
[20-Dec-2024 09:32:19 Europe/Berlin] PHP Warning:  Undefined array key "action" in C:\Users\Douglas\OneDrive - Douglas College\Documents\Douglas PC\03 Programming\09 PHP\00 ToStudy\03ATM\ATM\index.php on line 41
[20-Dec-2024 09:32:19 Europe/Berlin] PHP Warning:  Undefined array key "action" in C:\Users\Douglas\OneDrive - Douglas College\Documents\Douglas PC\03 Programming\09 PHP\00 ToStudy\03ATM\ATM\index.php on line 48
[20-Dec-2024 09:32:24 Europe/Berlin] PHP Warning:  Undefined array key "action" in C:\Users\Douglas\OneDrive - Douglas College\Documents\Douglas PC\03 Programming\09 PHP\00 ToStudy\03ATM\ATM\index.php on line 41
[20-Dec-2024 09:32:24 Europe/Berlin] PHP Warning:  Undefined array key "action" in C:\Users\Douglas\OneDrive - Douglas College\Documents\Douglas PC\03 Programming\09 PHP\00 ToStudy\03ATM\ATM\index.php on line 48
[20-Dec-2024 09:32:27 Europe/Berlin] PHP Warning:  Undefined array key "action" in C:\Users\Douglas\OneDrive - Douglas College\Documents\Douglas PC\03 Programming\09 PHP\00 ToStudy\03ATM\ATM\index.php on line 41
[20-Dec-2024 09:32:27 Europe/Berlin] PHP Warning:  Undefined array key "action" in C:\Users\Douglas\OneDrive - Douglas College\Documents\Douglas PC\03 Programming\09 PHP\00 ToStudy\03ATM\ATM\index.php on line 48
[20-Dec-2024 09:32:31 Europe/Berlin] PHP Warning:  Undefined array key "action" in C:\Users\Douglas\OneDrive - Douglas College\Documents\Douglas PC\03 Programming\09 PHP\00 ToStudy\03ATM\ATM\index.php on line 41
[20-Dec-2024 09:32:31 Europe/Berlin] PHP Warning:  Undefined array key "action" in C:\Users\Douglas\OneDrive - Douglas College\Documents\Douglas PC\03 Programming\09 PHP\00 ToStudy\03ATM\ATM\index.php on line 48
[20-Dec-2024 09:32:46 Europe/Berlin] PHP Warning:  Undefined array key "action" in C:\Users\Douglas\OneDrive - Douglas College\Documents\Douglas PC\03 Programming\09 PHP\00 ToStudy\03ATM\ATM\index.php on line 41
[20-Dec-2024 09:32:46 Europe/Berlin] PHP Warning:  Undefined array key "action" in C:\Users\Douglas\OneDrive - Douglas College\Documents\Douglas PC\03 Programming\09 PHP\00 ToStudy\03ATM\ATM\index.php on line 48
[20-Dec-2024 09:32:47 Europe/Berlin] PHP Warning:  Undefined array key "action" in C:\Users\Douglas\OneDrive - Douglas College\Documents\Douglas PC\03 Programming\09 PHP\00 ToStudy\03ATM\ATM\index.php on line 41
[20-Dec-2024 09:32:47 Europe/Berlin] PHP Warning:  Undefined array key "action" in C:\Users\Douglas\OneDrive - Douglas College\Documents\Douglas PC\03 Programming\09 PHP\00 ToStudy\03ATM\ATM\index.php on line 48
[20-Dec-2024 09:32:55 Europe/Berlin] PHP Warning:  Undefined array key "action" in C:\Users\Douglas\OneDrive - Douglas College\Documents\Douglas PC\03 Programming\09 PHP\00 ToStudy\03ATM\ATM\index.php on line 41
[20-Dec-2024 09:32:55 Europe/Berlin] PHP Warning:  Undefined array key "action" in C:\Users\Douglas\OneDrive - Douglas College\Documents\Douglas PC\03 Programming\09 PHP\00 ToStudy\03ATM\ATM\index.php on line 48
[20-Dec-2024 09:33:10 Europe/Berlin] PHP Warning:  Undefined array key "action" in C:\Users\Douglas\OneDrive - Douglas College\Documents\Douglas PC\03 Programming\09 PHP\00 ToStudy\03ATM\ATM\index.php on line 41
[20-Dec-2024 09:33:10 Europe/Berlin] PHP Warning:  Undefined array key "action" in C:\Users\Douglas\OneDrive - Douglas College\Documents\Douglas PC\03 Programming\09 PHP\00 ToStudy\03ATM\ATM\index.php on line 48
[20-Dec-2024 09:43:54 Europe/Berlin] PHP Warning:  Undefined array key "action" in C:\Users\Douglas\OneDrive - Douglas College\Documents\Douglas PC\03 Programming\09 PHP\00 ToStudy\03ATM\ATM\index.php on line 59
[20-Dec-2024 09:44:00 Europe/Berlin] PHP Warning:  Undefined array key "action" in C:\Users\Douglas\OneDrive - Douglas College\Documents\Douglas PC\03 Programming\09 PHP\00 ToStudy\03ATM\ATM\index.php on line 59
[20-Dec-2024 09:44:02 Europe/Berlin] PHP Warning:  Undefined array key "action" in C:\Users\Douglas\OneDrive - Douglas College\Documents\Douglas PC\03 Programming\09 PHP\00 ToStudy\03ATM\ATM\index.php on line 59
[20-Dec-2024 09:46:23 Europe/Berlin] PHP Warning:  Undefined array key "money" in C:\Users\Douglas\OneDrive - Douglas College\Documents\Douglas PC\03 Programming\09 PHP\00 ToStudy\03ATM\ATM\index.php on line 59
